Archive member included to satisfy reference by file (symbol)

/usr/lib/gcc/arm-none-eabi/8.3.1/thumb/v6-m/nofp/libgcc.a(_dvmd_tls.o)
                              CMakeFiles/6502emu.dir/home/pi/Downloads/pico/pico-sdk/src/rp2_common/pico_divider/divider.S.obj (__aeabi_idiv0)
/usr/lib/gcc/arm-none-eabi/8.3.1/../../../arm-none-eabi/lib/thumb/v6-m/nofp/libg.a(lib_a-atexit.o)
                              /usr/lib/gcc/arm-none-eabi/8.3.1/../../../arm-none-eabi/lib/thumb/v6-m/nofp/crt0.o (atexit)
/usr/lib/gcc/arm-none-eabi/8.3.1/../../../arm-none-eabi/lib/thumb/v6-m/nofp/libg.a(lib_a-calloc.o)
                              CMakeFiles/6502emu.dir/home/pi/Downloads/pico/pico-sdk/src/rp2_common/pico_malloc/pico_malloc.c.obj (calloc)
/usr/lib/gcc/arm-none-eabi/8.3.1/../../../arm-none-eabi/lib/thumb/v6-m/nofp/libg.a(lib_a-callocr.o)
                              /usr/lib/gcc/arm-none-eabi/8.3.1/../../../arm-none-eabi/lib/thumb/v6-m/nofp/libg.a(lib_a-calloc.o) (_calloc_r)
/usr/lib/gcc/arm-none-eabi/8.3.1/../../../arm-none-eabi/lib/thumb/v6-m/nofp/libg.a(lib_a-ctype_.o)
                              CMakeFiles/6502emu.dir/home/pi/Downloads/pico/pico-sdk/lib/tinyusb/src/tusb.c.obj (_ctype_)
/usr/lib/gcc/arm-none-eabi/8.3.1/../../../arm-none-eabi/lib/thumb/v6-m/nofp/libg.a(lib_a-fini.o)
                              /usr/lib/gcc/arm-none-eabi/8.3.1/../../../arm-none-eabi/lib/thumb/v6-m/nofp/crt0.o (__libc_fini_array)
/usr/lib/gcc/arm-none-eabi/8.3.1/../../../arm-none-eabi/lib/thumb/v6-m/nofp/libg.a(lib_a-impure.o)
                              /usr/lib/gcc/arm-none-eabi/8.3.1/../../../arm-none-eabi/lib/thumb/v6-m/nofp/libg.a(lib_a-calloc.o) (_impure_ptr)
/usr/lib/gcc/arm-none-eabi/8.3.1/../../../arm-none-eabi/lib/thumb/v6-m/nofp/libg.a(lib_a-init.o)
                              /usr/lib/gcc/arm-none-eabi/8.3.1/../../../arm-none-eabi/lib/thumb/v6-m/nofp/crt0.o (__libc_init_array)
/usr/lib/gcc/arm-none-eabi/8.3.1/../../../arm-none-eabi/lib/thumb/v6-m/nofp/libg.a(lib_a-malloc.o)
                              CMakeFiles/6502emu.dir/home/pi/Downloads/pico/pico-sdk/src/rp2_common/pico_malloc/pico_malloc.c.obj (malloc)
/usr/lib/gcc/arm-none-eabi/8.3.1/../../../arm-none-eabi/lib/thumb/v6-m/nofp/libg.a(lib_a-mallocr.o)
                              /usr/lib/gcc/arm-none-eabi/8.3.1/../../../arm-none-eabi/lib/thumb/v6-m/nofp/libg.a(lib_a-callocr.o) (_malloc_r)
/usr/lib/gcc/arm-none-eabi/8.3.1/../../../arm-none-eabi/lib/thumb/v6-m/nofp/libg.a(lib_a-mlock.o)
                              /usr/lib/gcc/arm-none-eabi/8.3.1/../../../arm-none-eabi/lib/thumb/v6-m/nofp/libg.a(lib_a-mallocr.o) (__malloc_lock)
/usr/lib/gcc/arm-none-eabi/8.3.1/../../../arm-none-eabi/lib/thumb/v6-m/nofp/libg.a(lib_a-realloc.o)
                              CMakeFiles/6502emu.dir/home/pi/Downloads/pico/pico-sdk/src/rp2_common/pico_malloc/pico_malloc.c.obj (realloc)
/usr/lib/gcc/arm-none-eabi/8.3.1/../../../arm-none-eabi/lib/thumb/v6-m/nofp/libg.a(lib_a-reallocr.o)
                              /usr/lib/gcc/arm-none-eabi/8.3.1/../../../arm-none-eabi/lib/thumb/v6-m/nofp/libg.a(lib_a-realloc.o) (_realloc_r)
/usr/lib/gcc/arm-none-eabi/8.3.1/../../../arm-none-eabi/lib/thumb/v6-m/nofp/libg.a(lib_a-sbrkr.o)
                              /usr/lib/gcc/arm-none-eabi/8.3.1/../../../arm-none-eabi/lib/thumb/v6-m/nofp/libg.a(lib_a-mallocr.o) (_sbrk_r)
/usr/lib/gcc/arm-none-eabi/8.3.1/../../../arm-none-eabi/lib/thumb/v6-m/nofp/libg.a(lib_a-strlen-stub.o)
                              CMakeFiles/6502emu.dir/home/pi/Downloads/pico/pico-sdk/src/rp2_common/pico_stdio/stdio.c.obj (strlen)
/usr/lib/gcc/arm-none-eabi/8.3.1/../../../arm-none-eabi/lib/thumb/v6-m/nofp/libg.a(lib_a-__atexit.o)
                              /usr/lib/gcc/arm-none-eabi/8.3.1/../../../arm-none-eabi/lib/thumb/v6-m/nofp/libg.a(lib_a-atexit.o) (__register_exitproc)
/usr/lib/gcc/arm-none-eabi/8.3.1/../../../arm-none-eabi/lib/thumb/v6-m/nofp/libg.a(lib_a-freer.o)
                              /usr/lib/gcc/arm-none-eabi/8.3.1/../../../arm-none-eabi/lib/thumb/v6-m/nofp/libg.a(lib_a-malloc.o) (_free_r)
/usr/lib/gcc/arm-none-eabi/8.3.1/../../../arm-none-eabi/lib/thumb/v6-m/nofp/libg.a(lib_a-memmove.o)
                              /usr/lib/gcc/arm-none-eabi/8.3.1/../../../arm-none-eabi/lib/thumb/v6-m/nofp/libg.a(lib_a-reallocr.o) (memmove)
/usr/lib/gcc/arm-none-eabi/8.3.1/../../../arm-none-eabi/lib/thumb/v6-m/nofp/libg.a(lib_a-reent.o)
                              /usr/lib/gcc/arm-none-eabi/8.3.1/../../../arm-none-eabi/lib/thumb/v6-m/nofp/libg.a(lib_a-sbrkr.o) (errno)

Allocating common symbols
Common symbol       size              file

ea                  0x2               CMakeFiles/6502emu.dir/6502emu.c.obj
sf_table            0x100             CMakeFiles/6502emu.dir/home/pi/Downloads/pico/pico-sdk/src/rp2_common/pico_float/float_init_rom.c.obj
x                   0x1               CMakeFiles/6502emu.dir/6502emu.c.obj
[...]
Memory Configuration

Name             Origin             Length             Attributes
FLASH            0x10000000         0x00200000         xr
RAM              0x20000000         0x00040000         xrw
SCRATCH_X        0x20040000         0x00001000         xrw
SCRATCH_Y        0x20041000         0x00001000         xrw
*default*        0x00000000         0xffffffff

Linker script and memory map

LOAD /usr/lib/gcc/arm-none-eabi/8.3.1/thumb/v6-m/nofp/crti.o
LOAD /usr/lib/gcc/arm-none-eabi/8.3.1/thumb/v6-m/nofp/crtbegin.o
LOAD /usr/lib/gcc/arm-none-eabi/8.3.1/../../../arm-none-eabi/lib/thumb/v6-m/nofp/crt0.o

.flash_begin    0x10000000        0x0
                0x10000000                __flash_binary_start = .

.boot2          0x10000000      0x100
                0x10000000                __boot2_start__ = .
 *(.boot2)
 .boot2         0x10000000      0x100 /tmp/cc0xA2fX.o
                0x10000100                __boot2_end__ = .
                0x00000001                ASSERT (((__boot2_end__ - __boot2_start__) == 0x100), ERROR: Pico second stage bootloader must be 256 bytes in size)

.text           0x10000100     0x9c98
                0x10000100                __logical_binary_start = .
 *(.vectors)
 .vectors       0x10000100       0xd4 CMakeFiles/6502emu.dir/home/pi/Downloads/pico/pico-sdk/src/rp2_common/pico_standard_link/crt0.S.obj
                0x10000100                __vectors
                0x10000100                __VECTOR_TABLE
                0x100001c0                isr_invalid
                0x100001c0                __default_isrs_start
                0x100001c2                isr_nmi
                0x100001c4                isr_hardfault
                0x100001c6                isr_svcall
                0x100001c8                isr_pendsv
                0x100001ca                isr_systick
                0x100001cc                isr_irq30
                0x100001cc                __unhandled_user_irq
                0x100001cc                isr_irq13
                0x100001cc                isr_irq27
                0x100001cc                isr_irq31
                0x100001cc                isr_irq5
                0x100001cc                isr_irq11
                0x100001cc                isr_irq23
                0x100001cc                isr_irq18
                0x100001cc                isr_irq28
                0x100001cc                isr_irq19
                0x100001cc                isr_irq0
                0x100001cc                isr_irq6
                0x100001cc                isr_irq22
                0x100001cc                isr_irq17
                0x100001cc                isr_irq14
                0x100001cc                isr_irq2
                0x100001cc                isr_irq10
                0x100001cc                isr_irq8
                0x100001cc                isr_irq24
                0x100001cc                isr_irq1
                0x100001cc                isr_irq7
                0x100001cc                isr_irq21
                0x100001cc                isr_irq20
                0x100001cc                isr_irq15
                0x100001cc                isr_irq25
                0x100001cc                isr_irq4
                0x100001cc                isr_irq16
                0x100001cc                isr_irq29
                0x100001cc                isr_irq26
                0x100001cc                __default_isrs_end
                0x100001cc                isr_irq3
                0x100001cc                isr_irq12
                0x100001cc                isr_irq9
                0x100001d2                unhandled_user_irq_num_in_r0
 *(.binary_info_header)
 .binary_info_header
                0x100001d4       0x14 CMakeFiles/6502emu.dir/home/pi/Downloads/pico/pico-sdk/src/rp2_common/pico_standard_link/crt0.S.obj
                0x100001e8                __binary_info_header_end = .
 *(.reset)
 .reset         0x100001e8       0xa8 CMakeFiles/6502emu.dir/home/pi/Downloads/pico/pico-sdk/src/rp2_common/pico_standard_link/crt0.S.obj
                0x100001e8                _entry_point
                0x10000266                __get_current_exception
 .reset         0x10000290       0x30 CMakeFiles/6502emu.dir/home/pi/Downloads/pico/pico-sdk/src/rp2_common/pico_standard_link/binary_info.c.obj
 *(.init)
 .init          0x100002c0        0x4 /usr/lib/gcc/arm-none-eabi/8.3.1/thumb/v6-m/nofp/crti.o
                0x100002c0                _init
 *(EXCLUDE_FILE(*libm.a: *libc.a:*lib_a-mem*.o *libgcc.a:) .text*)
 .text          0x100002c4       0x98 /usr/lib/gcc/arm-none-eabi/8.3.1/thumb/v6-m/nofp/crtbegin.o
 .text.imp      0x1000035c        0x2 CMakeFiles/6502emu.dir/6502emu.c.obj
 .text.acc      0x1000035e        0x2 CMakeFiles/6502emu.dir/6502emu.c.obj
 .text.imm      0x10000360       0x18 CMakeFiles/6502emu.dir/6502emu.c.obj
 .text.bcc      0x10000378       0x4c CMakeFiles/6502emu.dir/6502emu.c.obj
 .text.bcs      0x100003c4       0x4c CMakeFiles/6502emu.dir/6502emu.c.obj
 .text.beq      0x10000410       0x4c CMakeFiles/6502emu.dir/6502emu.c.obj
 .text.bmi      0x1000045c       0x50 CMakeFiles/6502emu.dir/6502emu.c.obj
 .text.bne      0x100004ac       0x4c CMakeFiles/6502emu.dir/6502emu.c.obj
 .text.bpl      0x100004f8       0x4c CMakeFiles/6502emu.dir/6502emu.c.obj
 .text.bvc      0x10000544       0x4c CMakeFiles/6502emu.dir/6502emu.c.obj
 .text.bvs      0x10000590       0x4c CMakeFiles/6502emu.dir/6502emu.c.obj
 .text.clc      0x100005dc       0x10 CMakeFiles/6502emu.dir/6502emu.c.obj
 .text.cld      0x100005ec       0x10 CMakeFiles/6502emu.dir/6502emu.c.obj
 .text.cli      0x100005fc       0x10 CMakeFiles/6502emu.dir/6502emu.c.obj
 .text.clv      0x1000060c       0x10 CMakeFiles/6502emu.dir/6502emu.c.obj
 .text.dex      0x1000061c       0x4c CMakeFiles/6502emu.dir/6502emu.c.obj
 .text.dey      0x10000668       0x4c CMakeFiles/6502emu.dir/6502emu.c.obj
 .text.inx      0x100006b4       0x4c CMakeFiles/6502emu.dir/6502emu.c.obj
 .text.iny      0x10000700       0x4c CMakeFiles/6502emu.dir/6502emu.c.obj
 .text.jmp      0x1000074c       0x14 CMakeFiles/6502emu.dir/6502emu.c.obj
 .text.nop      0x10000760       0x30 CMakeFiles/6502emu.dir/6502emu.c.obj
 .text.sec      0x10000790       0x10 CMakeFiles/6502emu.dir/6502emu.c.obj
 .text.sed      0x100007a0       0x10 CMakeFiles/6502emu.dir/6502emu.c.obj
 .text.sei      0x100007b0       0x10 CMakeFiles/6502emu.dir/6502emu.c.obj
 .text.tax      0x100007c0       0x50 CMakeFiles/6502emu.dir/6502emu.c.obj
 .text.tay      0x10000810       0x50 CMakeFiles/6502emu.dir/6502emu.c.obj
 .text.tsx      0x10000860       0x50 CMakeFiles/6502emu.dir/6502emu.c.obj
 .text.txa      0x100008b0       0x50 CMakeFiles/6502emu.dir/6502emu.c.obj
 .text.txs      0x10000900       0x14 CMakeFiles/6502emu.dir/6502emu.c.obj
 .text.tya      0x10000914       0x50 CMakeFiles/6502emu.dir/6502emu.c.obj
 .text.bra      0x10000964       0x40 CMakeFiles/6502emu.dir/6502emu.c.obj
 .text._m6522_init_port
                0x100009a4       0x1c CMakeFiles/6502emu.dir/6502emu.c.obj
 .text._m6522_init_timer
                0x100009c0       0x18 CMakeFiles/6502emu.dir/6502emu.c.obj
 .text._m6522_init_interrupt
                0x100009d8        0xa CMakeFiles/6502emu.dir/6502emu.c.obj
 *fill*         0x100009e2        0x2 
 .text._m6522_tick_t1
                0x100009e4       0x6c CMakeFiles/6502emu.dir/6502emu.c.obj
 .text._m6522_tick_t2
                0x10000a50       0x5c CMakeFiles/6502emu.dir/6502emu.c.obj
 .text._m6522_tick_pipeline
                0x10000aac       0x40 CMakeFiles/6502emu.dir/6502emu.c.obj
 .text._m6522_update_cab
                0x10000aec       0x76 CMakeFiles/6502emu.dir/6502emu.c.obj
 *fill*         0x10000b62        0x2 
 .text._m6522_update_irq
                0x10000b64       0x34 CMakeFiles/6502emu.dir/6502emu.c.obj
 .text._m6522_tick
                0x10000b98      0x244 CMakeFiles/6502emu.dir/6502emu.c.obj
 .text._m6522_read
                0x10000ddc      0x154 CMakeFiles/6502emu.dir/6502emu.c.obj
 .text._m6522_write
                0x10000f30      0x208 CMakeFiles/6502emu.dir/6502emu.c.obj
 .text.hookexternal
                0x10001138       0x20 CMakeFiles/6502emu.dir/6502emu.c.obj
                0x10001138                hookexternal
 .text.m6522_init
                0x10001158       0x64 CMakeFiles/6502emu.dir/6502emu.c.obj
                0x10001158                m6522_init
 .text.m6522_reset
                0x100011bc       0x5c CMakeFiles/6502emu.dir/6502emu.c.obj
                0x100011bc                m6522_reset
 .text.m6522_tick
                0x10001218       0x50 CMakeFiles/6502emu.dir/6502emu.c.obj
                0x10001218                m6522_tick
 .text.write6502
                0x10001268       0xfc CMakeFiles/6502emu.dir/6502emu.c.obj
                0x10001268                write6502
 .text.push16   0x10001364       0x30 CMakeFiles/6502emu.dir/6502emu.c.obj
                0x10001364                push16
 .text.jsr      0x10001394       0x20 CMakeFiles/6502emu.dir/6502emu.c.obj
 .text.push8    0x100013b4       0x1c CMakeFiles/6502emu.dir/6502emu.c.obj
                0x100013b4                push8
 .text.irq6502  0x100013d0       0x4c CMakeFiles/6502emu.dir/6502emu.c.obj
                0x100013d0                irq6502
 .text.via_update
                0x1000141c       0x18 CMakeFiles/6502emu.dir/6502emu.c.obj
                0x1000141c                via_update
 .text.read6502
                0x10001434      0x284 CMakeFiles/6502emu.dir/6502emu.c.obj
                0x10001434                read6502
 .text.pull16   0x100016b8       0x38 CMakeFiles/6502emu.dir/6502emu.c.obj
                0x100016b8                pull16
 .text.rts      0x100016f0       0x1c CMakeFiles/6502emu.dir/6502emu.c.obj
 .text.pull8    0x1000170c       0x1c CMakeFiles/6502emu.dir/6502emu.c.obj
                0x1000170c                pull8
 .text.plx      0x10001728       0x4c CMakeFiles/6502emu.dir/6502emu.c.obj
 .text.ply      0x10001774       0x4c CMakeFiles/6502emu.dir/6502emu.c.obj
 .text.pla      0x100017c0       0x4c CMakeFiles/6502emu.dir/6502emu.c.obj
 .text.rti      0x1000180c       0x24 CMakeFiles/6502emu.dir/6502emu.c.obj
 .text.plp      0x10001830       0x14 CMakeFiles/6502emu.dir/6502emu.c.obj
 .text.reset6502
                0x10001844       0x58 CMakeFiles/6502emu.dir/6502emu.c.obj
                0x10001844                reset6502
 .text.bbs      0x1000189c       0x6c CMakeFiles/6502emu.dir/6502emu.c.obj
 .text.bbs7     0x10001908        0xa CMakeFiles/6502emu.dir/6502emu.c.obj
 .text.bbs6     0x10001912        0xa CMakeFiles/6502emu.dir/6502emu.c.obj
 .text.bbs5     0x1000191c        0xa CMakeFiles/6502emu.dir/6502emu.c.obj
 .text.bbs4     0x10001926        0xa CMakeFiles/6502emu.dir/6502emu.c.obj
 .text.bbs3     0x10001930        0xa CMakeFiles/6502emu.dir/6502emu.c.obj
 .text.bbs2     0x1000193a        0xa CMakeFiles/6502emu.dir/6502emu.c.obj
 .text.bbs1     0x10001944        0xa CMakeFiles/6502emu.dir/6502emu.c.obj
 .text.bbs0     0x1000194e        0xa CMakeFiles/6502emu.dir/6502emu.c.obj
 .text.getvalue
                0x10001958       0x38 CMakeFiles/6502emu.dir/6502emu.c.obj
 .text.sbc      0x10001990      0x158 CMakeFiles/6502emu.dir/6502emu.c.obj
 .text.cpx      0x10001ae8       0x7c CMakeFiles/6502emu.dir/6502emu.c.obj
 .text.cmp      0x10001b64       0x88 CMakeFiles/6502emu.dir/6502emu.c.obj
 .text.cpy      0x10001bec       0x7c CMakeFiles/6502emu.dir/6502emu.c.obj
 .text.ldx      0x10001c68       0x60 CMakeFiles/6502emu.dir/6502emu.c.obj
 .text.lda      0x10001cc8       0x60 CMakeFiles/6502emu.dir/6502emu.c.obj
 .text.ldy      0x10001d28       0x60 CMakeFiles/6502emu.dir/6502emu.c.obj
 .text.adc      0x10001d88      0x174 CMakeFiles/6502emu.dir/6502emu.c.obj
 .text.eor      0x10001efc       0x70 CMakeFiles/6502emu.dir/6502emu.c.obj
 .text.bit      0x10001f6c       0x6c CMakeFiles/6502emu.dir/6502emu.c.obj
 .text.and      0x10001fd8       0x70 CMakeFiles/6502emu.dir/6502emu.c.obj
 .text.ora      0x10002048       0x70 CMakeFiles/6502emu.dir/6502emu.c.obj
 .text.bbr      0x100020b8       0x6c CMakeFiles/6502emu.dir/6502emu.c.obj
 .text.bbr7     0x10002124        0xa CMakeFiles/6502emu.dir/6502emu.c.obj
 .text.bbr6     0x1000212e        0xa CMakeFiles/6502emu.dir/6502emu.c.obj
 .text.bbr5     0x10002138        0xa CMakeFiles/6502emu.dir/6502emu.c.obj
 .text.bbr4     0x10002142        0xa CMakeFiles/6502emu.dir/6502emu.c.obj
 .text.bbr3     0x1000214c        0xa CMakeFiles/6502emu.dir/6502emu.c.obj
 .text.bbr2     0x10002156        0xa CMakeFiles/6502emu.dir/6502emu.c.obj
 .text.bbr1     0x10002160        0xa CMakeFiles/6502emu.dir/6502emu.c.obj
 .text.bbr0     0x1000216a        0xa CMakeFiles/6502emu.dir/6502emu.c.obj
 .text.zpy      0x10002174       0x28 CMakeFiles/6502emu.dir/6502emu.c.obj
 .text.aindx    0x1000219c       0x58 CMakeFiles/6502emu.dir/6502emu.c.obj
 .text.ind      0x100021f4       0x48 CMakeFiles/6502emu.dir/6502emu.c.obj
 .text.absx     0x1000223c       0x54 CMakeFiles/6502emu.dir/6502emu.c.obj
 .text.absy     0x10002290       0x54 CMakeFiles/6502emu.dir/6502emu.c.obj
 .text.zpx      0x100022e4       0x28 CMakeFiles/6502emu.dir/6502emu.c.obj
 .text.indzp    0x1000230c       0x34 CMakeFiles/6502emu.dir/6502emu.c.obj
 .text.indy     0x10002340       0x64 CMakeFiles/6502emu.dir/6502emu.c.obj
 .text.rel      0x100023a4       0x30 CMakeFiles/6502emu.dir/6502emu.c.obj
 .text.rel2     0x100023d4       0x30 CMakeFiles/6502emu.dir/6502emu.c.obj
 .text.abso     0x10002404       0x30 CMakeFiles/6502emu.dir/6502emu.c.obj
 .text.zp       0x10002434       0x1c CMakeFiles/6502emu.dir/6502emu.c.obj
 .text.indx     0x10002450       0x40 CMakeFiles/6502emu.dir/6502emu.c.obj
 .text.step6502
                0x10002490       0xb0 CMakeFiles/6502emu.dir/6502emu.c.obj
                0x10002490                step6502
 .text.callback
                0x10002540       0x48 CMakeFiles/6502emu.dir/6502emu.c.obj
                0x10002540                callback
 .text.phx      0x10002588       0x10 CMakeFiles/6502emu.dir/6502emu.c.obj
 .text.phy      0x10002598       0x10 CMakeFiles/6502emu.dir/6502emu.c.obj
 .text.pha      0x100025a8       0x10 CMakeFiles/6502emu.dir/6502emu.c.obj
 .text.php      0x100025b8       0x14 CMakeFiles/6502emu.dir/6502emu.c.obj
 .text.brk      0x100025cc       0x50 CMakeFiles/6502emu.dir/6502emu.c.obj
 .text.putvalue
                0x1000261c       0x38 CMakeFiles/6502emu.dir/6502emu.c.obj
 .text.smb      0x10002654       0x20 CMakeFiles/6502emu.dir/6502emu.c.obj
 .text.smb7     0x10002674        0xa CMakeFiles/6502emu.dir/6502emu.c.obj
 .text.smb6     0x1000267e        0xa CMakeFiles/6502emu.dir/6502emu.c.obj
 .text.smb5     0x10002688        0xa CMakeFiles/6502emu.dir/6502emu.c.obj
 .text.smb4     0x10002692        0xa CMakeFiles/6502emu.dir/6502emu.c.obj
 .text.smb3     0x1000269c        0xa CMakeFiles/6502emu.dir/6502emu.c.obj
 .text.smb2     0x100026a6        0xa CMakeFiles/6502emu.dir/6502emu.c.obj
 .text.smb1     0x100026b0        0xa CMakeFiles/6502emu.dir/6502emu.c.obj
 .text.smb0     0x100026ba        0xa CMakeFiles/6502emu.dir/6502emu.c.obj
 .text.stx      0x100026c4       0x10 CMakeFiles/6502emu.dir/6502emu.c.obj
 .text.sty      0x100026d4       0x10 CMakeFiles/6502emu.dir/6502emu.c.obj
 .text.sta      0x100026e4       0x10 CMakeFiles/6502emu.dir/6502emu.c.obj
 .text.rmb      0x100026f4       0x24 CMakeFiles/6502emu.dir/6502emu.c.obj
 .text.rmb7     0x10002718        0xa CMakeFiles/6502emu.dir/6502emu.c.obj
 .text.rmb6     0x10002722        0xa CMakeFiles/6502emu.dir/6502emu.c.obj
 .text.rmb5     0x1000272c        0xa CMakeFiles/6502emu.dir/6502emu.c.obj
 .text.rmb4     0x10002736        0xa CMakeFiles/6502emu.dir/6502emu.c.obj
 .text.rmb3     0x10002740        0xa CMakeFiles/6502emu.dir/6502emu.c.obj
 .text.rmb2     0x1000274a        0xa CMakeFiles/6502emu.dir/6502emu.c.obj
 .text.rmb1     0x10002754        0xa CMakeFiles/6502emu.dir/6502emu.c.obj
 .text.rmb0     0x1000275e        0xa CMakeFiles/6502emu.dir/6502emu.c.obj
 .text.ror      0x10002768       0x84 CMakeFiles/6502emu.dir/6502emu.c.obj
 .text.stz      0x100027ec        0xa CMakeFiles/6502emu.dir/6502emu.c.obj
 *fill*         0x100027f6        0x2 
 .text.lsr      0x100027f8       0x7c CMakeFiles/6502emu.dir/6502emu.c.obj
 .text.dec      0x10002874       0x60 CMakeFiles/6502emu.dir/6502emu.c.obj
 .text.rol      0x100028d4       0x88 CMakeFiles/6502emu.dir/6502emu.c.obj
 .text.inc      0x1000295c       0x60 CMakeFiles/6502emu.dir/6502emu.c.obj
 .text.trb      0x100029bc       0x44 CMakeFiles/6502emu.dir/6502emu.c.obj
 .text.asl      0x10002a00       0x84 CMakeFiles/6502emu.dir/6502emu.c.obj
 .text.tsb      0x10002a84       0x40 CMakeFiles/6502emu.dir/6502emu.c.obj
 .text.main     0x10002ac4      0x114 CMakeFiles/6502emu.dir/6502emu.c.obj
                0x10002ac4                main
 .text.set_sys_clock_pll
                0x10002bd8       0x78 CMakeFiles/6502emu.dir/home/pi/Downloads/pico/pico-sdk/src/rp2_common/pico_stdlib/stdlib.c.obj
                0x10002bd8                set_sys_clock_pll
 .text.check_sys_clock_khz
                0x10002c50       0xb4 CMakeFiles/6502emu.dir/home/pi/Downloads/pico/pico-sdk/src/rp2_common/pico_stdlib/stdlib.c.obj
                0x10002c50                check_sys_clock_khz
 .text.gpio_set_function
                0x10002d04       0x30 CMakeFiles/6502emu.dir/home/pi/Downloads/pico/pico-sdk/src/rp2_common/hardware_gpio/gpio.c.obj
                0x10002d04                gpio_set_function
 .text.gpio_init
                0x10002d34       0x16 CMakeFiles/6502emu.dir/home/pi/Downloads/pico/pico-sdk/src/rp2_common/hardware_gpio/gpio.c.obj
                0x10002d34                gpio_init
 .text.gpio_init_mask
                0x10002d4a       0x1e CMakeFiles/6502emu.dir/home/pi/Downloads/pico/pico-sdk/src/rp2_common/hardware_gpio/gpio.c.obj
                0x10002d4a                gpio_init_mask
 .text.hw_claim_lock
                0x10002d68       0x18 CMakeFiles/6502emu.dir/home/pi/Downloads/pico/pico-sdk/src/rp2_common/hardware_claim/claim.c.obj
                0x10002d68                hw_claim_lock
 .text.hw_claim_unlock
                0x10002d80       0x14 CMakeFiles/6502emu.dir/home/pi/Downloads/pico/pico-sdk/src/rp2_common/hardware_claim/claim.c.obj
                0x10002d80                hw_claim_unlock
 .text.hw_claim_or_assert
                0x10002d94       0x32 CMakeFiles/6502emu.dir/home/pi/Downloads/pico/pico-sdk/src/rp2_common/hardware_claim/claim.c.obj
                0x10002d94                hw_claim_or_assert
 .text.hw_claim_unused_from_range
                0x10002dc6       0x50 CMakeFiles/6502emu.dir/home/pi/Downloads/pico/pico-sdk/src/rp2_common/hardware_claim/claim.c.obj
                0x10002dc6                hw_claim_unused_from_range
 *fill*         0x10002e16        0x2 
 .text.running_on_fpga
                0x10002e18       0x14 CMakeFiles/6502emu.dir/home/pi/Downloads/pico/pico-sdk/src/rp2_common/pico_platform/platform.c.obj
                0x10002e18                running_on_fpga
 .text.spin_locks_reset
                0x10002e2c       0x20 CMakeFiles/6502emu.dir/home/pi/Downloads/pico/pico-sdk/src/rp2_common/hardware_sync/sync.c.obj
                0x10002e2c                spin_locks_reset
 .text.next_striped_spin_lock_num
                0x10002e4c       0x1c CMakeFiles/6502emu.dir/home/pi/Downloads/pico/pico-sdk/src/rp2_common/hardware_sync/sync.c.obj
                0x10002e4c                next_striped_spin_lock_num
 .text.spin_lock_claim_unused
                0x10002e68       0x20 CMakeFiles/6502emu.dir/home/pi/Downloads/pico/pico-sdk/src/rp2_common/hardware_sync/sync.c.obj
                0x10002e68                spin_lock_claim_unused
 .text.set_raw_irq_handler_and_unlock
                0x10002e88       0x28 CMakeFiles/6502emu.dir/home/pi/Downloads/pico/pico-sdk/src/rp2_common/hardware_irq/irq.c.obj
 .text.make_branch
                0x10002eb0       0x48 CMakeFiles/6502emu.dir/home/pi/Downloads/pico/pico-sdk/src/rp2_common/hardware_irq/irq.c.obj
 .text.insert_branch_and_link
                0x10002ef8       0x40 CMakeFiles/6502emu.dir/home/pi/Downloads/pico/pico-sdk/src/rp2_common/hardware_irq/irq.c.obj
 .text.irq_is_enabled
                0x10002f38       0x18 CMakeFiles/6502emu.dir/home/pi/Downloads/pico/pico-sdk/src/rp2_common/hardware_irq/irq.c.obj
                0x10002f38                irq_is_enabled
 .text.irq_set_mask_enabled
                0x10002f50       0x20 CMakeFiles/6502emu.dir/home/pi/Downloads/pico/pico-sdk/src/rp2_common/hardware_irq/irq.c.obj
                0x10002f50                irq_set_mask_enabled
 .text.irq_set_enabled
                0x10002f70        0xe CMakeFiles/6502emu.dir/home/pi/Downloads/pico/pico-sdk/src/rp2_common/hardware_irq/irq.c.obj
                0x10002f70                irq_set_enabled
 *fill*         0x10002f7e        0x2 
 .text.irq_set_pending
                0x10002f80       0x10 CMakeFiles/6502emu.dir/home/pi/Downloads/pico/pico-sdk/src/rp2_common/hardware_irq/irq.c.obj
                0x10002f80                irq_set_pending
 .text.irq_get_vtable_handler
                0x10002f90       0x10 CMakeFiles/6502emu.dir/home/pi/Downloads/pico/pico-sdk/src/rp2_common/hardware_irq/irq.c.obj
                0x10002f90                irq_get_vtable_handler
 .text.irq_has_shared_handler
                0x10002fa0       0x24 CMakeFiles/6502emu.dir/home/pi/Downloads/pico/pico-sdk/src/rp2_common/hardware_irq/irq.c.obj
                0x10002fa0                irq_has_shared_handler
 .text.irq_set_exclusive_handler
                0x10002fc4       0x54 CMakeFiles/6502emu.dir/home/pi/Downloads/pico/pico-sdk/src/rp2_common/hardware_irq/irq.c.obj
                0x10002fc4                irq_set_exclusive_handler
 .text.irq_add_shared_handler
                0x10003018      0x224 CMakeFiles/6502emu.dir/home/pi/Downloads/pico/pico-sdk/src/rp2_common/hardware_irq/irq.c.obj
                0x10003018                irq_add_shared_handler
 .text.irq_remove_handler
                0x1000323c      0x1a0 CMakeFiles/6502emu.dir/home/pi/Downloads/pico/pico-sdk/src/rp2_common/hardware_irq/irq.c.obj
                0x1000323c                irq_remove_handler
 .text.irq_add_tail_to_free_list
                0x100033dc       0xf0 CMakeFiles/6502emu.dir/home/pi/Downloads/pico/pico-sdk/src/rp2_common/hardware_irq/irq.c.obj
                0x100033dc                irq_add_tail_to_free_list
 .text.irq_init_priorities
                0x100034cc       0x1c CMakeFiles/6502emu.dir/home/pi/Downloads/pico/pico-sdk/src/rp2_common/hardware_irq/irq.c.obj
                0x100034cc                irq_init_priorities
 .text.user_irq_claim_unused
                0x100034e8       0x30 CMakeFiles/6502emu.dir/home/pi/Downloads/pico/pico-sdk/src/rp2_common/hardware_irq/irq.c.obj
                0x100034e8                user_irq_claim_unused
 .text.lock_init
                0x10003518       0x10 CMakeFiles/6502emu.dir/home/pi/Downloads/pico/pico-sdk/src/common/pico_sync/lock_core.c.obj
                0x10003518                lock_init
 .text.sleep_until_callback
                0x10003528       0x30 CMakeFiles/6502emu.dir/home/pi/Downloads/pico/pico-sdk/src/common/pico_time/time.c.obj
 .text.alarm_pool_post_alloc_init
                0x10003558       0x40 CMakeFiles/6502emu.dir/home/pi/Downloads/pico/pico-sdk/src/common/pico_time/time.c.obj
 .text.timer_pool_entry_comparator
                0x10003598       0x7c CMakeFiles/6502emu.dir/home/pi/Downloads/pico/pico-sdk/src/common/pico_time/time.c.obj
                0x10003598                timer_pool_entry_comparator
 .text.ph_add_child_node
                0x10003614       0xa4 CMakeFiles/6502emu.dir/home/pi/Downloads/pico/pico-sdk/src/common/pico_time/time.c.obj
 .text.ph_merge_nodes
                0x100036b8       0x3e CMakeFiles/6502emu.dir/home/pi/Downloads/pico/pico-sdk/src/common/pico_time/time.c.obj
 *fill*         0x100036f6        0x2 
 .text.add_alarm_under_lock
                0x100036f8      0x180 CMakeFiles/6502emu.dir/home/pi/Downloads/pico/pico-sdk/src/common/pico_time/time.c.obj
 .text.alarm_pool_alarm_callback
                0x10003878      0x328 CMakeFiles/6502emu.dir/home/pi/Downloads/pico/pico-sdk/src/common/pico_time/time.c.obj
 .text.alarm_pool_init_default
                0x10003ba0       0x38 CMakeFiles/6502emu.dir/home/pi/Downloads/pico/pico-sdk/src/common/pico_time/time.c.obj
                0x10003ba0                alarm_pool_init_default
 .text.alarm_pool_get_default
                0x10003bd8       0x2c CMakeFiles/6502emu.dir/home/pi/Downloads/pico/pico-sdk/src/common/pico_time/time.c.obj
                0x10003bd8                alarm_pool_get_default
 .text.alarm_pool_add_alarm_at
                0x10003c04      0x154 CMakeFiles/6502emu.dir/home/pi/Downloads/pico/pico-sdk/src/common/pico_time/time.c.obj
                0x10003c04                alarm_pool_add_alarm_at
 .text.alarm_pool_cancel_alarm
                0x10003d58       0xec CMakeFiles/6502emu.dir/home/pi/Downloads/pico/pico-sdk/src/common/pico_time/time.c.obj
                0x10003d58                alarm_pool_cancel_alarm
 .text.sleep_until
                0x10003e44       0xf8 CMakeFiles/6502emu.dir/home/pi/Downloads/pico/pico-sdk/src/common/pico_time/time.c.obj
                0x10003e44                sleep_until
 .text.sleep_us
                0x10003f3c       0x54 CMakeFiles/6502emu.dir/home/pi/Downloads/pico/pico-sdk/src/common/pico_time/time.c.obj
                0x10003f3c                sleep_us
 .text.sleep_ms
                0x10003f90       0x14 CMakeFiles/6502emu.dir/home/pi/Downloads/pico/pico-sdk/src/common/pico_time/time.c.obj
                0x10003f90                sleep_ms
 .text.best_effort_wfe_or_timeout
                0x10003fa4       0x80 CMakeFiles/6502emu.dir/home/pi/Downloads/pico/pico-sdk/src/common/pico_time/time.c.obj
                0x10003fa4                best_effort_wfe_or_timeout
 .text.hardware_alarm_irq_handler
                0x10004024       0x8c CMakeFiles/6502emu.dir/home/pi/Downloads/pico/pico-sdk/src/rp2_common/hardware_timer/timer.c.obj
 .text.hardware_alarm_claim
                0x100040b0       0x18 CMakeFiles/6502emu.dir/home/pi/Downloads/pico/pico-sdk/src/rp2_common/hardware_timer/timer.c.obj
                0x100040b0                hardware_alarm_claim
 .text.time_us_64
                0x100040c8       0x18 CMakeFiles/6502emu.dir/home/pi/Downloads/pico/pico-sdk/src/rp2_common/hardware_timer/timer.c.obj
                0x100040c8                time_us_64
 .text.busy_wait_until
                0x100040e0       0x24 CMakeFiles/6502emu.dir/home/pi/Downloads/pico/pico-sdk/src/rp2_common/hardware_timer/timer.c.obj
                0x100040e0                busy_wait_until
 .text.busy_wait_us
                0x10004104       0x48 CMakeFiles/6502emu.dir/home/pi/Downloads/pico/pico-sdk/src/rp2_common/hardware_timer/timer.c.obj
                0x10004104                busy_wait_us
 .text.hardware_alarm_set_callback
                0x1000414c       0x90 CMakeFiles/6502emu.dir/home/pi/Downloads/pico/pico-sdk/src/rp2_common/hardware_timer/timer.c.obj
                0x1000414c                hardware_alarm_set_callback
 .text.hardware_alarm_set_target
                0x100041dc       0xe8 CMakeFiles/6502emu.dir/home/pi/Downloads/pico/pico-sdk/src/rp2_common/hardware_timer/timer.c.obj
                0x100041dc                hardware_alarm_set_target
 .text.hardware_alarm_cancel
                0x100042c4       0x40 CMakeFiles/6502emu.dir/home/pi/Downloads/pico/pico-sdk/src/rp2_common/hardware_timer/timer.c.obj
                0x100042c4                hardware_alarm_cancel
 .text.ph_add_child_node
                0x10004304       0xa4 CMakeFiles/6502emu.dir/home/pi/Downloads/pico/pico-sdk/src/common/pico_util/pheap.c.obj
 .text.ph_merge_nodes
                0x100043a8       0x3e CMakeFiles/6502emu.dir/home/pi/Downloads/pico/pico-sdk/src/common/pico_util/pheap.c.obj
 *fill*         0x100043e6        0x2 
 .text.ph_clear
                0x100043e8       0x70 CMakeFiles/6502emu.dir/home/pi/Downloads/pico/pico-sdk/src/common/pico_util/pheap.c.obj
                0x100043e8                ph_clear
 .text.ph_post_alloc_init
                0x10004458        0xe CMakeFiles/6502emu.dir/home/pi/Downloads/pico/pico-sdk/src/common/pico_util/pheap.c.obj
                0x10004458                ph_post_alloc_init
 *fill*         0x10004466        0x2 
 .text.ph_merge_two_pass
                0x10004468       0xac CMakeFiles/6502emu.dir/home/pi/Downloads/pico/pico-sdk/src/common/pico_util/pheap.c.obj
                0x10004468                ph_merge_two_pass
 .text.ph_remove_any_head
                0x10004514      0x108 CMakeFiles/6502emu.dir/home/pi/Downloads/pico/pico-sdk/src/common/pico_util/pheap.c.obj
 .text.ph_remove_head
                0x1000461c       0x14 CMakeFiles/6502emu.dir/home/pi/Downloads/pico/pico-sdk/src/common/pico_util/pheap.c.obj
                0x1000461c                ph_remove_head
 .text.ph_remove_and_free_node
                0x10004630       0xf8 CMakeFiles/6502emu.dir/home/pi/Downloads/pico/pico-sdk/src/common/pico_util/pheap.c.obj
                0x10004630                ph_remove_and_free_node
 .text.mutex_init
                0x10004728       0x1a CMakeFiles/6502emu.dir/home/pi/Downloads/pico/pico-sdk/src/common/pico_sync/mutex.c.obj
                0x10004728                mutex_init
 .text.recursive_mutex_init
                0x10004742       0x1e CMakeFiles/6502emu.dir/home/pi/Downloads/pico/pico-sdk/src/common/pico_sync/mutex.c.obj
                0x10004742                recursive_mutex_init
 .text.critical_section_init_with_lock_num
                0x10004760       0x14 CMakeFiles/6502emu.dir/home/pi/Downloads/pico/pico-sdk/src/common/pico_sync/critical_section.c.obj
                0x10004760                critical_section_init_with_lock_num
 .text.critical_section_init
                0x10004774       0x14 CMakeFiles/6502emu.dir/home/pi/Downloads/pico/pico-sdk/src/common/pico_sync/critical_section.c.obj
                0x10004774                critical_section_init
 .text._exit    0x10004788        0x4 CMakeFiles/6502emu.dir/home/pi/Downloads/pico/pico-sdk/src/rp2_common/pico_runtime/runtime.c.obj
                0x10004788                _exit
 .text.exit     0x1000478c        0x6 CMakeFiles/6502emu.dir/home/pi/Downloads/pico/pico-sdk/src/rp2_common/pico_runtime/runtime.c.obj
                0x1000478c                exit
 *fill*         0x10004792        0x2 
 .text.__assert_func
                0x10004794       0x3c CMakeFiles/6502emu.dir/home/pi/Downloads/pico/pico-sdk/src/rp2_common/pico_runtime/runtime.c.obj
                0x10004794                __assert_func
 .text.runtime_init
                0x100047d0       0xf8 CMakeFiles/6502emu.dir/home/pi/Downloads/pico/pico-sdk/src/rp2_common/pico_runtime/runtime.c.obj
                0x100047d0                runtime_init
 .text.panic    0x100048c8       0x30 CMakeFiles/6502emu.dir/home/pi/Downloads/pico/pico-sdk/src/rp2_common/pico_runtime/runtime.c.obj
                0x100048c8                panic
 .text.clock_configure
                0x100048f8       0xfc CMakeFiles/6502emu.dir/home/pi/Downloads/pico/pico-sdk/src/rp2_common/hardware_clocks/clocks.c.obj
                0x100048f8                clock_configure
 .text.clocks_init
                0x100049f4      0x100 CMakeFiles/6502emu.dir/home/pi/Downloads/pico/pico-sdk/src/rp2_common/hardware_clocks/clocks.c.obj
                0x100049f4                clocks_init
 .text.clock_get_hz
                0x10004af4        0xc CMakeFiles/6502emu.dir/home/pi/Downloads/pico/pico-sdk/src/rp2_common/hardware_clocks/clocks.c.obj
                0x10004af4                clock_get_hz
 .text.pll_init
                0x10004b00      0x140 CMakeFiles/6502emu.dir/home/pi/Downloads/pico/pico-sdk/src/rp2_common/hardware_pll/pll.c.obj
                0x10004b00                pll_init
 .text.vreg_set_voltage
                0x10004c40       0x1c CMakeFiles/6502emu.dir/home/pi/Downloads/pico/pico-sdk/src/rp2_common/hardware_vreg/vreg.c.obj
                0x10004c40                vreg_set_voltage
 .text.watchdog_start_tick
                0x10004c5c       0x10 CMakeFiles/6502emu.dir/home/pi/Downloads/pico/pico-sdk/src/rp2_common/hardware_watchdog/watchdog.c.obj
                0x10004c5c                watchdog_start_tick
 .text.watchdog_update
                0x10004c6c       0x14 CMakeFiles/6502emu.dir/home/pi/Downloads/pico/pico-sdk/src/rp2_common/hardware_watchdog/watchdog.c.obj
                0x10004c6c                watchdog_update
 .text._watchdog_enable
                0x10004c80       0x74 CMakeFiles/6502emu.dir/home/pi/Downloads/pico/pico-sdk/src/rp2_common/hardware_watchdog/watchdog.c.obj
                0x10004c80                _watchdog_enable
 .text.watchdog_reboot
                0x10004cf4       0x44 CMakeFiles/6502emu.dir/home/pi/Downloads/pico/pico-sdk/src/rp2_common/hardware_watchdog/watchdog.c.obj
                0x10004cf4                watchdog_reboot
 .text.xosc_init
                0x10004d38       0x28 CMakeFiles/6502emu.dir/home/pi/Downloads/pico/pico-sdk/src/rp2_common/hardware_xosc/xosc.c.obj
                0x10004d38                xosc_init
 .text._out_null
                0x10004d60        0x2 CMakeFiles/6502emu.dir/home/pi/Downloads/pico/pico-sdk/src/rp2_common/pico_printf/printf.c.obj
 .text._out_fct
                0x10004d62        0xe CMakeFiles/6502emu.dir/home/pi/Downloads/pico/pico-sdk/src/rp2_common/pico_printf/printf.c.obj
 .text._atoi    0x10004d70       0x28 CMakeFiles/6502emu.dir/home/pi/Downloads/pico/pico-sdk/src/rp2_common/pico_printf/printf.c.obj
 .text._out_rev
                0x10004d98       0x8c CMakeFiles/6502emu.dir/home/pi/Downloads/pico/pico-sdk/src/rp2_common/pico_printf/printf.c.obj
 .text._ntoa_format
                0x10004e24      0x10c CMakeFiles/6502emu.dir/home/pi/Downloads/pico/pico-sdk/src/rp2_common/pico_printf/printf.c.obj
 .text._ntoa_long
                0x10004f30       0xb0 CMakeFiles/6502emu.dir/home/pi/Downloads/pico/pico-sdk/src/rp2_common/pico_printf/printf.c.obj
 .text._ntoa_long_long
                0x10004fe0       0xe6 CMakeFiles/6502emu.dir/home/pi/Downloads/pico/pico-sdk/src/rp2_common/pico_printf/printf.c.obj
 *fill*         0x100050c6        0x2 
 .text._etoa    0x100050c8      0x408 CMakeFiles/6502emu.dir/home/pi/Downloads/pico/pico-sdk/src/rp2_common/pico_printf/printf.c.obj
 .text._ftoa    0x100054d0      0x344 CMakeFiles/6502emu.dir/home/pi/Downloads/pico/pico-sdk/src/rp2_common/pico_printf/printf.c.obj
 .text._vsnprintf
                0x10005814      0x61c CMakeFiles/6502emu.dir/home/pi/Downloads/pico/pico-sdk/src/rp2_common/pico_printf/printf.c.obj
 .text.vfctprintf
                0x10005e30       0x20 CMakeFiles/6502emu.dir/home/pi/Downloads/pico/pico-sdk/src/rp2_common/pico_printf/printf.c.obj
                0x10005e30                vfctprintf
 .text          0x10005e50       0x10 CMakeFiles/6502emu.dir/home/pi/Downloads/pico/pico-sdk/src/rp2_common/pico_bit_ops/bit_ops_aeabi.S.obj
 .text.rom_func_lookup
                0x10005e60       0x10 CMakeFiles/6502emu.dir/home/pi/Downloads/pico/pico-sdk/src/rp2_common/pico_bootrom/bootrom.c.obj
                0x10005e60                rom_func_lookup
 .text.rom_data_lookup
                0x10005e70       0x10 CMakeFiles/6502emu.dir/home/pi/Downloads/pico/pico-sdk/src/rp2_common/pico_bootrom/bootrom.c.obj
                0x10005e70                rom_data_lookup
 .text.rom_funcs_lookup
                0x10005e80       0x36 CMakeFiles/6502emu.dir/home/pi/Downloads/pico/pico-sdk/src/rp2_common/pico_bootrom/bootrom.c.obj
                0x10005e80                rom_funcs_lookup
 *fill*         0x10005eb6        0x2 
 .text.__wrap___aeabi_idiv
                0x10005eb8       0x50 CMakeFiles/6502emu.dir/home/pi/Downloads/pico/pico-sdk/src/rp2_common/pico_divider/divider.S.obj
                0x10005eb8                __wrap___aeabi_idivmod
                0x10005eb8                divmod_s32s32
                0x10005eb8                div_s32s32
                0x10005eb8                __wrap___aeabi_idiv
                0x10005ec0                divmod_s32s32_unsafe
                0x10005eec                divmod_s32s32_savestate
 .text.__wrap___aeabi_uidiv
                0x10005f08       0x4c CMakeFiles/6502emu.dir/home/pi/Downloads/pico/pico-sdk/src/rp2_common/pico_divider/divider.S.obj
                0x10005f08                __wrap___aeabi_uidiv
                0x10005f08                __wrap___aeabi_uidivmod
                0x10005f08                div_u32u32
                0x10005f08                divmod_u32u32
                0x10005f10                divmod_u32u32_unsafe
                0x10005f38                divmod_u32u32_savestate
 .text.__wrap___aeabi_ldiv
                0x10005f54      0x434 CMakeFiles/6502emu.dir/home/pi/Downloads/pico/pico-sdk/src/rp2_common/pico_divider/divider.S.obj
                0x10005f54                div_s64s64
                0x10005f54                divmod_s64s64
                0x10005f54                __wrap___aeabi_ldivmod
                0x10005f8c                div_u64u64
                0x10005f8c                divmod_u64u64
                0x10005f8c                __wrap___aeabi_uldivmod
                0x10005f9c                divmod_u64u64_savestate
                0x10005fc4                divmod_s64s64_unsafe
                0x1000604c                divmod_u64u64_unsafe
 .text.__wrap___aeabi_darithmetic
                0x10006388       0x80 CMakeFiles/6502emu.dir/home/pi/Downloads/pico/pico-sdk/src/rp2_common/pico_double/double_aeabi.S.obj
                0x10006388                __wrap___aeabi_drsub
                0x1000638e                __wrap___aeabi_dsub
                0x100063a0                __wrap___aeabi_dadd
                0x100063b2                __wrap___aeabi_ddiv
                0x100063ee                __wrap___aeabi_dmul
 .text.__wrap___aeabi_cdcmple
                0x10006408       0x6c CMakeFiles/6502emu.dir/home/pi/Downloads/pico/pico-sdk/src/rp2_common/pico_double/double_aeabi.S.obj
                0x10006408                __wrap___aeabi_cdrcmple
                0x10006418                __wrap___aeabi_cdcmple
                0x10006418                __wrap___aeabi_cdcmpeq
 .text.__wrap___aeabi_dcmplt
                0x10006474        0xc CMakeFiles/6502emu.dir/home/pi/Downloads/pico/pico-sdk/src/rp2_common/pico_double/double_aeabi.S.obj
                0x10006474                __wrap___aeabi_dcmplt
 .text.__wrap___aeabi_dcmple
                0x10006480       0x10 CMakeFiles/6502emu.dir/home/pi/Downloads/pico/pico-sdk/src/rp2_common/pico_double/double_aeabi.S.obj
                0x10006480                __wrap___aeabi_dcmple
 .text.__wrap___aeabi_dcmpge
                0x10006490       0x10 CMakeFiles/6502emu.dir/home/pi/Downloads/pico/pico-sdk/src/rp2_common/pico_double/double_aeabi.S.obj
                0x10006490                __wrap___aeabi_dcmpge
 .text.__wrap___aeabi_dcmpgt
                0x100064a0        0xa CMakeFiles/6502emu.dir/home/pi/Downloads/pico/pico-sdk/src/rp2_common/pico_double/double_aeabi.S.obj
                0x100064a0                __wrap___aeabi_dcmpgt
 .text.__wrap___aeabi_dcmpun
                0x100064aa       0x1c CMakeFiles/6502emu.dir/home/pi/Downloads/pico/pico-sdk/src/rp2_common/pico_double/double_aeabi.S.obj
                0x100064aa                __wrap___aeabi_dcmpun
 *fill*         0x100064c6        0x2 
 .text.__wrap___aeabi_i2d
                0x100064c8       0x38 CMakeFiles/6502emu.dir/home/pi/Downloads/pico/pico-sdk/src/rp2_common/pico_double/double_aeabi.S.obj
                0x100064c8                __wrap___aeabi_ui2d
                0x100064d0                __wrap___aeabi_i2d
 .text.__wrap___aeabi_d2iz
                0x10006500       0x48 CMakeFiles/6502emu.dir/home/pi/Downloads/pico/pico-sdk/src/rp2_common/pico_double/double_aeabi.S.obj
                0x10006500                __wrap___aeabi_d2iz
                0x10006500                double2int_z
 .text.__wrap___aeabi_d2uiz
                0x10006548       0x18 CMakeFiles/6502emu.dir/home/pi/Downloads/pico/pico-sdk/src/rp2_common/pico_double/double_aeabi.S.obj
                0x10006548                double2uint
                0x10006548                __wrap___aeabi_d2uiz
 .text.__aeabi_double_init
                0x10006560       0xc8 CMakeFiles/6502emu.dir/home/pi/Downloads/pico/pico-sdk/src/rp2_common/pico_double/double_init_rom.c.obj
                0x10006560                __aeabi_double_init
 .text.double_table_shim_on_use_helper
                0x10006628       0x34 CMakeFiles/6502emu.dir/home/pi/Downloads/pico/pico-sdk/src/rp2_common/pico_double/double_v1_rom_shim.S.obj
                0x10006628                double_table_shim_on_use_helper
 .text.__wrap___aeabi_dsub
                0x1000665c       0x10 CMakeFiles/6502emu.dir/home/pi/Downloads/pico/pico-sdk/src/rp2_common/pico_double/double_v1_rom_shim.S.obj
                0x1000665c                drsub_shim
                0x10006662                dsub_shim
 .text.dadd_shim
                0x1000666c      0x15c CMakeFiles/6502emu.dir/home/pi/Downloads/pico/pico-sdk/src/rp2_common/pico_double/double_v1_rom_shim.S.obj
                0x1000666c                dadd_shim
 .text.dmul_shim
                0x100067c8      0x15c CMakeFiles/6502emu.dir/home/pi/Downloads/pico/pico-sdk/src/rp2_common/pico_double/double_v1_rom_shim.S.obj
                0x100067c8                dmul_shim
 .text.ddiv_shim
                0x10006924      0x1b0 CMakeFiles/6502emu.dir/home/pi/Downloads/pico/pico-sdk/src/rp2_common/pico_double/double_v1_rom_shim.S.obj
                0x10006924                ddiv_shim
 .text.double2uint_shim
                0x10006ad4        0xe CMakeFiles/6502emu.dir/home/pi/Downloads/pico/pico-sdk/src/rp2_common/pico_double/double_v1_rom_shim.S.obj
                0x10006ad4                double2uint_shim
                0x10006ad6                double2ufix_shim
 *fill*         0x10006ae2        0x2 
 .text.double2uint64_shim
                0x10006ae4       0x70 CMakeFiles/6502emu.dir/home/pi/Downloads/pico/pico-sdk/src/rp2_common/pico_double/double_v1_rom_shim.S.obj
                0x10006ae4                double2uint64_shim
                0x10006ae6                double2ufix64_shim
                0x10006b06                d2fix_a
 .text.dunpacks
                0x10006b54       0x3c CMakeFiles/6502emu.dir/home/pi/Downloads/pico/pico-sdk/src/rp2_common/pico_double/double_v1_rom_shim.S.obj
                0x10006b54                dunpacks
 .text.__aeabi_lmul
                0x10006b90       0x32 CMakeFiles/6502emu.dir/home/pi/Downloads/pico/pico-sdk/src/rp2_common/pico_int64_ops/pico_int64_ops_aeabi.S.obj
                0x10006b90                __wrap___aeabi_lmul
 *fill*         0x10006bc2        0x2 
 .text.__aeabi_float_init
                0x10006bc4       0xfc CMakeFiles/6502emu.dir/home/pi/Downloads/pico/pico-sdk/src/rp2_common/pico_float/float_init_rom.c.obj
                0x10006bc4                __aeabi_float_init
 .text.float_table_shim_on_use_helper
                0x10006cc0       0x34 CMakeFiles/6502emu.dir/home/pi/Downloads/pico/pico-sdk/src/rp2_common/pico_float/float_v1_rom_shim.S.obj
                0x10006cc0                float_table_shim_on_use_helper
 .text          0x10006cf4       0x10 CMakeFiles/6502emu.dir/home/pi/Downloads/pico/pico-sdk/src/rp2_common/pico_mem_ops/mem_ops_aeabi.S.obj
                0x10006cf4                __aeabi_mem_init
 .text.memset   0x10006d04        0xc CMakeFiles/6502emu.dir/home/pi/Downloads/pico/pico-sdk/src/rp2_common/pico_mem_ops/mem_ops_aeabi.S.obj
                0x10006d04                __wrap_memset
 .text.memcpy   0x10006d10        0xc CMakeFiles/6502emu.dir/home/pi/Downloads/pico/pico-sdk/src/rp2_common/pico_mem_ops/mem_ops_aeabi.S.obj
                0x10006d10                __wrap___aeabi_memcpy
                0x10006d10                __wrap_memcpy
 .text.stdio_out_chars_no_crlf
                0x10006d1c        0xe CMakeFiles/6502emu.dir/home/pi/Downloads/pico/pico-sdk/src/rp2_common/pico_stdio/stdio.c.obj
 *fill*         0x10006d2a        0x2 
 .text.stdio_out_chars_crlf
                0x10006d2c       0x80 CMakeFiles/6502emu.dir/home/pi/Downloads/pico/pico-sdk/src/rp2_common/pico_stdio/stdio.c.obj
 .text.stdio_stack_buffer_flush
                0x10006dac       0x44 CMakeFiles/6502emu.dir/home/pi/Downloads/pico/pico-sdk/src/rp2_common/pico_stdio/stdio.c.obj
 .text.stdio_buffered_printer
                0x10006df0       0x20 CMakeFiles/6502emu.dir/home/pi/Downloads/pico/pico-sdk/src/rp2_common/pico_stdio/stdio.c.obj
 .text.stdio_get_until
                0x10006e10       0x7c CMakeFiles/6502emu.dir/home/pi/Downloads/pico/pico-sdk/src/rp2_common/pico_stdio/stdio.c.obj
 .text.stdout_serialize_begin
                0x10006e8c       0x30 CMakeFiles/6502emu.dir/home/pi/Downloads/pico/pico-sdk/src/rp2_common/pico_stdio/stdio.c.obj
                0x10006e8c                stdout_serialize_begin
 .text.stdout_serialize_end
                0x10006ebc       0x10 CMakeFiles/6502emu.dir/home/pi/Downloads/pico/pico-sdk/src/rp2_common/pico_stdio/stdio.c.obj
                0x10006ebc                stdout_serialize_end
 .text.stdio_put_string
                0x10006ecc       0x94 CMakeFiles/6502emu.dir/home/pi/Downloads/pico/pico-sdk/src/rp2_common/pico_stdio/stdio.c.obj
 .text.__wrap_putchar
                0x10006f60       0x1c CMakeFiles/6502emu.dir/home/pi/Downloads/pico/pico-sdk/src/rp2_common/pico_stdio/stdio.c.obj
                0x10006f60                __wrap_putchar
 .text.stdio_set_driver_enabled
                0x10006f7c       0x2c CMakeFiles/6502emu.dir/home/pi/Downloads/pico/pico-sdk/src/rp2_common/pico_stdio/stdio.c.obj
                0x10006f7c                stdio_set_driver_enabled
 .text.stdio_flush
                0x10006fa8       0x20 CMakeFiles/6502emu.dir/home/pi/Downloads/pico/pico-sdk/src/rp2_common/pico_stdio/stdio.c.obj
                0x10006fa8                stdio_flush
 .text.__wrap_puts
                0x10006fc8       0x1e CMakeFiles/6502emu.dir/home/pi/Downloads/pico/pico-sdk/src/rp2_common/pico_stdio/stdio.c.obj
                0x10006fc8                __wrap_puts
 *fill*         0x10006fe6        0x2 
 .text.__wrap_vprintf
                0x10006fe8       0x44 CMakeFiles/6502emu.dir/home/pi/Downloads/pico/pico-sdk/src/rp2_common/pico_stdio/stdio.c.obj
                0x10006fe8                __wrap_vprintf
 .text.__wrap_printf
                0x1000702c       0x18 CMakeFiles/6502emu.dir/home/pi/Downloads/pico/pico-sdk/src/rp2_common/pico_stdio/stdio.c.obj
                0x1000702c                __wrap_printf
 .text.stdio_init_all
                0x10007044        0x8 CMakeFiles/6502emu.dir/home/pi/Downloads/pico/pico-sdk/src/rp2_common/pico_stdio/stdio.c.obj
                0x10007044                stdio_init_all
 .text.getchar_timeout_us
                0x1000704c       0x80 CMakeFiles/6502emu.dir/home/pi/Downloads/pico/pico-sdk/src/rp2_common/pico_stdio/stdio.c.obj
                0x1000704c                getchar_timeout_us
 .text.resetd_init
                0x100070cc        0x2 CMakeFiles/6502emu.dir/home/pi/Downloads/pico/pico-sdk/src/rp2_common/pico_stdio_usb/reset_interface.c.obj
 *fill*         0x100070ce        0x2 
 .text.resetd_reset
                0x100070d0        0xc CMakeFiles/6502emu.dir/home/pi/Downloads/pico/pico-sdk/src/rp2_common/pico_stdio_usb/reset_interface.c.obj
 .text.resetd_open
                0x100070dc       0x34 CMakeFiles/6502emu.dir/home/pi/Downloads/pico/pico-sdk/src/rp2_common/pico_stdio_usb/reset_interface.c.obj
 .text.resetd_xfer_cb
                0x10007110        0x4 CMakeFiles/6502emu.dir/home/pi/Downloads/pico/pico-sdk/src/rp2_common/pico_stdio_usb/reset_interface.c.obj
 .text.resetd_control_xfer_cb
                0x10007114       0x6c CMakeFiles/6502emu.dir/home/pi/Downloads/pico/pico-sdk/src/rp2_common/pico_stdio_usb/reset_interface.c.obj
 .text.usbd_app_driver_get_cb
                0x10007180        0xc CMakeFiles/6502emu.dir/home/pi/Downloads/pico/pico-sdk/src/rp2_common/pico_stdio_usb/reset_interface.c.obj
                0x10007180                usbd_app_driver_get_cb
 .text.tud_cdc_line_coding_cb
                0x1000718c       0x34 CMakeFiles/6502emu.dir/home/pi/Downloads/pico/pico-sdk/src/rp2_common/pico_stdio_usb/reset_interface.c.obj
                0x1000718c                tud_cdc_line_coding_cb
 .text.stdio_usb_in_chars
                0x100071c0       0x70 CMakeFiles/6502emu.dir/home/pi/Downloads/pico/pico-sdk/src/rp2_common/pico_stdio_usb/stdio_usb.c.obj
                0x100071c0                stdio_usb_in_chars
 .text.low_priority_worker_irq
                0x10007230       0x20 CMakeFiles/6502emu.dir/home/pi/Downloads/pico/pico-sdk/src/rp2_common/pico_stdio_usb/stdio_usb.c.obj
 .text.stdio_usb_out_chars
                0x10007250       0xd4 CMakeFiles/6502emu.dir/home/pi/Downloads/pico/pico-sdk/src/rp2_common/pico_stdio_usb/stdio_usb.c.obj
 .text.timer_task
                0x10007324       0x40 CMakeFiles/6502emu.dir/home/pi/Downloads/pico/pico-sdk/src/rp2_common/pico_stdio_usb/stdio_usb.c.obj
 .text.usb_irq  0x10007364       0x10 CMakeFiles/6502emu.dir/home/pi/Downloads/pico/pico-sdk/src/rp2_common/pico_stdio_usb/stdio_usb.c.obj
 .text.stdio_usb_init
                0x10007374       0xe8 CMakeFiles/6502emu.dir/home/pi/Downloads/pico/pico-sdk/src/rp2_common/pico_stdio_usb/stdio_usb.c.obj
                0x10007374                stdio_usb_init
 .text.tud_descriptor_device_cb
                0x1000745c        0x8 CMakeFiles/6502emu.dir/home/pi/Downloads/pico/pico-sdk/src/rp2_common/pico_stdio_usb/stdio_usb_descriptors.c.obj
                0x1000745c                tud_descriptor_device_cb
 .text.tud_descriptor_configuration_cb
                0x10007464        0x8 CMakeFiles/6502emu.dir/home/pi/Downloads/pico/pico-sdk/src/rp2_common/pico_stdio_usb/stdio_usb_descriptors.c.obj
                0x10007464                tud_descriptor_configuration_cb
 .text.tud_descriptor_string_cb
                0x1000746c       0x6c CMakeFiles/6502emu.dir/home/pi/Downloads/pico/pico-sdk/src/rp2_common/pico_stdio_usb/stdio_usb_descriptors.c.obj
                0x1000746c                tud_descriptor_string_cb
 .text.hw_endpoint_get_by_addr
                0x100074d8       0x18 CMakeFiles/6502emu.dir/home/pi/Downloads/pico/pico-sdk/lib/tinyusb/src/portable/raspberrypi/rp2040/dcd_rp2040.c.obj
 .text.reset_ep0_pid
                0x100074f0       0x28 CMakeFiles/6502emu.dir/home/pi/Downloads/pico/pico-sdk/lib/tinyusb/src/portable/raspberrypi/rp2040/dcd_rp2040.c.obj
 .text._hw_endpoint_alloc
                0x10007518       0x70 CMakeFiles/6502emu.dir/home/pi/Downloads/pico/pico-sdk/lib/tinyusb/src/portable/raspberrypi/rp2040/dcd_rp2040.c.obj
 .text.hw_endpoint_init
                0x10007588       0x88 CMakeFiles/6502emu.dir/home/pi/Downloads/pico/pico-sdk/lib/tinyusb/src/portable/raspberrypi/rp2040/dcd_rp2040.c.obj
 .text.reset_non_control_endpoints
                0x10007610       0x40 CMakeFiles/6502emu.dir/home/pi/Downloads/pico/pico-sdk/lib/tinyusb/src/portable/raspberrypi/rp2040/dcd_rp2040.c.obj
 .text.hw_handle_buff_status
                0x10007650       0x8c CMakeFiles/6502emu.dir/home/pi/Downloads/pico/pico-sdk/lib/tinyusb/src/portable/raspberrypi/rp2040/dcd_rp2040.c.obj
 .text.dcd_rp2040_irq
                0x100076dc       0xbc CMakeFiles/6502emu.dir/home/pi/Downloads/pico/pico-sdk/lib/tinyusb/src/portable/raspberrypi/rp2040/dcd_rp2040.c.obj
 .text.hw_endpoint_xfer
                0x10007798       0x14 CMakeFiles/6502emu.dir/home/pi/Downloads/pico/pico-sdk/lib/tinyusb/src/portable/raspberrypi/rp2040/dcd_rp2040.c.obj
 .text.dcd_int_enable
                0x100077ac       0x2c CMakeFiles/6502emu.dir/home/pi/Downloads/pico/pico-sdk/lib/tinyusb/src/portable/raspberrypi/rp2040/dcd_rp2040.c.obj
                0x100077ac                dcd_int_enable
 .text.dcd_set_address
                0x100077d8       0x2c CMakeFiles/6502emu.dir/home/pi/Downloads/pico/pico-sdk/lib/tinyusb/src/portable/raspberrypi/rp2040/dcd_rp2040.c.obj
                0x100077d8                dcd_set_address
 .text.dcd_connect
                0x10007804       0x10 CMakeFiles/6502emu.dir/home/pi/Downloads/pico/pico-sdk/lib/tinyusb/src/portable/raspberrypi/rp2040/dcd_rp2040.c.obj
                0x10007804                dcd_connect
 .text.dcd_init
                0x10007814       0x7c CMakeFiles/6502emu.dir/home/pi/Downloads/pico/pico-sdk/lib/tinyusb/src/portable/raspberrypi/rp2040/dcd_rp2040.c.obj
                0x10007814                dcd_init
 .text.dcd_edpt0_status_complete
                0x10007890       0x1c CMakeFiles/6502emu.dir/home/pi/Downloads/pico/pico-sdk/lib/tinyusb/src/portable/raspberrypi/rp2040/dcd_rp2040.c.obj
                0x10007890                dcd_edpt0_status_complete
 .text.dcd_edpt_open
                0x100078ac       0x40 CMakeFiles/6502emu.dir/home/pi/Downloads/pico/pico-sdk/lib/tinyusb/src/portable/raspberrypi/rp2040/dcd_rp2040.c.obj
                0x100078ac                dcd_edpt_open
 .text.dcd_edpt_close_all
                0x100078ec        0x8 CMakeFiles/6502emu.dir/home/pi/Downloads/pico/pico-sdk/lib/tinyusb/src/portable/raspberrypi/rp2040/dcd_rp2040.c.obj
                0x100078ec                dcd_edpt_close_all
 .text.dcd_edpt_xfer
                0x100078f4       0x30 CMakeFiles/6502emu.dir/home/pi/Downloads/pico/pico-sdk/lib/tinyusb/src/portable/raspberrypi/rp2040/dcd_rp2040.c.obj
                0x100078f4                dcd_edpt_xfer
 .text.dcd_edpt_stall
                0x10007924       0x2c CMakeFiles/6502emu.dir/home/pi/Downloads/pico/pico-sdk/lib/tinyusb/src/portable/raspberrypi/rp2040/dcd_rp2040.c.obj
                0x10007924                dcd_edpt_stall
 .text.dcd_edpt_clear_stall
                0x10007950       0x20 CMakeFiles/6502emu.dir/home/pi/Downloads/pico/pico-sdk/lib/tinyusb/src/portable/raspberrypi/rp2040/dcd_rp2040.c.obj
                0x10007950                dcd_edpt_clear_stall
 .text.prepare_ep_buffer
                0x10007970       0x70 CMakeFiles/6502emu.dir/home/pi/Downloads/pico/pico-sdk/lib/tinyusb/src/portable/raspberrypi/rp2040/rp2040_usb.c.obj
 .text.sync_ep_buffer
                0x100079e0       0x7c CMakeFiles/6502emu.dir/home/pi/Downloads/pico/pico-sdk/lib/tinyusb/src/portable/raspberrypi/rp2040/rp2040_usb.c.obj
 .text._hw_endpoint_xfer_sync
                0x10007a5c       0x28 CMakeFiles/6502emu.dir/home/pi/Downloads/pico/pico-sdk/lib/tinyusb/src/portable/raspberrypi/rp2040/rp2040_usb.c.obj
 .text.rp2040_usb_init
                0x10007a84       0x4c CMakeFiles/6502emu.dir/home/pi/Downloads/pico/pico-sdk/lib/tinyusb/src/portable/raspberrypi/rp2040/rp2040_usb.c.obj
                0x10007a84                rp2040_usb_init
 .text.hw_endpoint_reset_transfer
                0x10007ad0        0xc CMakeFiles/6502emu.dir/home/pi/Downloads/pico/pico-sdk/lib/tinyusb/src/portable/raspberrypi/rp2040/rp2040_usb.c.obj
                0x10007ad0                hw_endpoint_reset_transfer
 .text._hw_endpoint_buffer_control_update32
                0x10007adc       0x58 CMakeFiles/6502emu.dir/home/pi/Downloads/pico/pico-sdk/lib/tinyusb/src/portable/raspberrypi/rp2040/rp2040_usb.c.obj
                0x10007adc                _hw_endpoint_buffer_control_update32
 .text._hw_endpoint_start_next_buffer
                0x10007b34       0x74 CMakeFiles/6502emu.dir/home/pi/Downloads/pico/pico-sdk/lib/tinyusb/src/portable/raspberrypi/rp2040/rp2040_usb.c.obj
 .text.hw_endpoint_xfer_start
                0x10007ba8       0x48 CMakeFiles/6502emu.dir/home/pi/Downloads/pico/pico-sdk/lib/tinyusb/src/portable/raspberrypi/rp2040/rp2040_usb.c.obj
                0x10007ba8                hw_endpoint_xfer_start
 .text.hw_endpoint_xfer_continue
                0x10007bf0       0x38 CMakeFiles/6502emu.dir/home/pi/Downloads/pico/pico-sdk/lib/tinyusb/src/portable/raspberrypi/rp2040/rp2040_usb.c.obj
                0x10007bf0                hw_endpoint_xfer_continue
 .text.configuration_reset
                0x10007c28       0x84 CMakeFiles/6502emu.dir/home/pi/Downloads/pico/pico-sdk/lib/tinyusb/src/device/usbd.c.obj
 .text.usbd_reset
                0x10007cac        0xc CMakeFiles/6502emu.dir/home/pi/Downloads/pico/pico-sdk/lib/tinyusb/src/device/usbd.c.obj
 .text.invoke_class_control
                0x10007cb8       0x1a CMakeFiles/6502emu.dir/home/pi/Downloads/pico/pico-sdk/lib/tinyusb/src/device/usbd.c.obj
 *fill*         0x10007cd2        0x2 
 .text.process_set_config
                0x10007cd4      0x1a8 CMakeFiles/6502emu.dir/home/pi/Downloads/pico/pico-sdk/lib/tinyusb/src/device/usbd.c.obj
 .text.process_get_descriptor
                0x10007e7c       0xf8 CMakeFiles/6502emu.dir/home/pi/Downloads/pico/pico-sdk/lib/tinyusb/src/device/usbd.c.obj
 .text.tud_mounted
                0x10007f74       0x10 CMakeFiles/6502emu.dir/home/pi/Downloads/pico/pico-sdk/lib/tinyusb/src/device/usbd.c.obj
                0x10007f74                tud_mounted
 .text.tud_suspended
                0x10007f84       0x10 CMakeFiles/6502emu.dir/home/pi/Downloads/pico/pico-sdk/lib/tinyusb/src/device/usbd.c.obj
                0x10007f84                tud_suspended
 .text.tud_inited
                0x10007f94        0xc CMakeFiles/6502emu.dir/home/pi/Downloads/pico/pico-sdk/lib/tinyusb/src/device/usbd.c.obj
                0x10007f94                tud_inited
 .text.tud_init
                0x10007fa0       0xcc CMakeFiles/6502emu.dir/home/pi/Downloads/pico/pico-sdk/lib/tinyusb/src/device/usbd.c.obj
                0x10007fa0                tud_init
 .text.dcd_event_handler
                0x1000806c      0x1e0 CMakeFiles/6502emu.dir/home/pi/Downloads/pico/pico-sdk/lib/tinyusb/src/device/usbd.c.obj
                0x1000806c                dcd_event_handler
 .text.dcd_event_bus_signal
                0x1000824c       0x28 CMakeFiles/6502emu.dir/home/pi/Downloads/pico/pico-sdk/lib/tinyusb/src/device/usbd.c.obj
                0x1000824c                dcd_event_bus_signal
 .text.dcd_event_bus_reset
                0x10008274       0x2c CMakeFiles/6502emu.dir/home/pi/Downloads/pico/pico-sdk/lib/tinyusb/src/device/usbd.c.obj
                0x10008274                dcd_event_bus_reset
 .text.dcd_event_setup_received
                0x100082a0       0x34 CMakeFiles/6502emu.dir/home/pi/Downloads/pico/pico-sdk/lib/tinyusb/src/device/usbd.c.obj
                0x100082a0                dcd_event_setup_received
 .text.dcd_event_xfer_complete
                0x100082d4       0x46 CMakeFiles/6502emu.dir/home/pi/Downloads/pico/pico-sdk/lib/tinyusb/src/device/usbd.c.obj
                0x100082d4                dcd_event_xfer_complete
 *fill*         0x1000831a        0x2 
 .text.usbd_edpt_open
                0x1000831c       0x58 CMakeFiles/6502emu.dir/home/pi/Downloads/pico/pico-sdk/lib/tinyusb/src/device/usbd.c.obj
                0x1000831c                usbd_edpt_open
 .text.usbd_open_edpt_pair
                0x10008374       0x8c CMakeFiles/6502emu.dir/home/pi/Downloads/pico/pico-sdk/lib/tinyusb/src/device/usbd.c.obj
                0x10008374                usbd_open_edpt_pair
 .text.usbd_edpt_claim
                0x10008400       0x88 CMakeFiles/6502emu.dir/home/pi/Downloads/pico/pico-sdk/lib/tinyusb/src/device/usbd.c.obj
                0x10008400                usbd_edpt_claim
 .text.usbd_edpt_release
                0x10008488       0x68 CMakeFiles/6502emu.dir/home/pi/Downloads/pico/pico-sdk/lib/tinyusb/src/device/usbd.c.obj
                0x10008488                usbd_edpt_release
 .text.usbd_edpt_xfer
                0x100084f0       0x80 CMakeFiles/6502emu.dir/home/pi/Downloads/pico/pico-sdk/lib/tinyusb/src/device/usbd.c.obj
                0x100084f0                usbd_edpt_xfer
 .text.usbd_edpt_stall
                0x10008570       0x40 CMakeFiles/6502emu.dir/home/pi/Downloads/pico/pico-sdk/lib/tinyusb/src/device/usbd.c.obj
                0x10008570                usbd_edpt_stall
 .text.usbd_edpt_clear_stall
                0x100085b0       0x40 CMakeFiles/6502emu.dir/home/pi/Downloads/pico/pico-sdk/lib/tinyusb/src/device/usbd.c.obj
                0x100085b0                usbd_edpt_clear_stall
 .text.usbd_edpt_stalled
                0x100085f0       0x1c CMakeFiles/6502emu.dir/home/pi/Downloads/pico/pico-sdk/lib/tinyusb/src/device/usbd.c.obj
                0x100085f0                usbd_edpt_stalled
 .text.process_control_request
                0x1000860c      0x3bc CMakeFiles/6502emu.dir/home/pi/Downloads/pico/pico-sdk/lib/tinyusb/src/device/usbd.c.obj
 .text.tud_task
                0x100089c8      0x218 CMakeFiles/6502emu.dir/home/pi/Downloads/pico/pico-sdk/lib/tinyusb/src/device/usbd.c.obj
                0x100089c8                tud_task
 .text._data_stage_xact
                0x10008be0       0x58 CMakeFiles/6502emu.dir/home/pi/Downloads/pico/pico-sdk/lib/tinyusb/src/device/usbd_control.c.obj
 .text.tud_control_status
                0x10008c38       0x38 CMakeFiles/6502emu.dir/home/pi/Downloads/pico/pico-sdk/lib/tinyusb/src/device/usbd_control.c.obj
                0x10008c38                tud_control_status
 .text.tud_control_xfer
                0x10008c70       0xa4 CMakeFiles/6502emu.dir/home/pi/Downloads/pico/pico-sdk/lib/tinyusb/src/device/usbd_control.c.obj
                0x10008c70                tud_control_xfer
 .text.usbd_control_reset
                0x10008d14       0x14 CMakeFiles/6502emu.dir/home/pi/Downloads/pico/pico-sdk/lib/tinyusb/src/device/usbd_control.c.obj
                0x10008d14                usbd_control_reset
 .text.usbd_control_set_complete_callback
                0x10008d28        0xc CMakeFiles/6502emu.dir/home/pi/Downloads/pico/pico-sdk/lib/tinyusb/src/device/usbd_control.c.obj
                0x10008d28                usbd_control_set_complete_callback
 .text.usbd_control_set_request
                0x10008d34       0x1c CMakeFiles/6502emu.dir/home/pi/Downloads/pico/pico-sdk/lib/tinyusb/src/device/usbd_control.c.obj
                0x10008d34                usbd_control_set_request
 .text.usbd_control_xfer_cb
                0x10008d50       0xfc CMakeFiles/6502emu.dir/home/pi/Downloads/pico/pico-sdk/lib/tinyusb/src/device/usbd_control.c.obj
                0x10008d50                usbd_control_xfer_cb
 .text._prep_out_transaction
                0x10008e4c       0x46 CMakeFiles/6502emu.dir/home/pi/Downloads/pico/pico-sdk/lib/tinyusb/src/class/cdc/cdc_device.c.obj
 *fill*         0x10008e92        0x2 
 .text.tud_cdc_n_connected
                0x10008e94       0x44 CMakeFiles/6502emu.dir/home/pi/Downloads/pico/pico-sdk/lib/tinyusb/src/class/cdc/cdc_device.c.obj
                0x10008e94                tud_cdc_n_connected
 .text.tud_cdc_n_available
                0x10008ed8       0x18 CMakeFiles/6502emu.dir/home/pi/Downloads/pico/pico-sdk/lib/tinyusb/src/class/cdc/cdc_device.c.obj
                0x10008ed8                tud_cdc_n_available
 .text.tud_cdc_n_read
                0x10008ef0       0x28 CMakeFiles/6502emu.dir/home/pi/Downloads/pico/pico-sdk/lib/tinyusb/src/class/cdc/cdc_device.c.obj
                0x10008ef0                tud_cdc_n_read
 .text.tud_cdc_n_write_flush
                0x10008f18       0xcc CMakeFiles/6502emu.dir/home/pi/Downloads/pico/pico-sdk/lib/tinyusb/src/class/cdc/cdc_device.c.obj
                0x10008f18                tud_cdc_n_write_flush
 .text.tud_cdc_n_write
                0x10008fe4       0x38 CMakeFiles/6502emu.dir/home/pi/Downloads/pico/pico-sdk/lib/tinyusb/src/class/cdc/cdc_device.c.obj
                0x10008fe4                tud_cdc_n_write
 .text.tud_cdc_n_write_available
                0x1000901c       0x1c CMakeFiles/6502emu.dir/home/pi/Downloads/pico/pico-sdk/lib/tinyusb/src/class/cdc/cdc_device.c.obj
                0x1000901c                tud_cdc_n_write_available
 .text.cdcd_init
                0x10009038       0xb8 CMakeFiles/6502emu.dir/home/pi/Downloads/pico/pico-sdk/lib/tinyusb/src/class/cdc/cdc_device.c.obj
                0x10009038                cdcd_init
 .text.cdcd_reset
                0x100090f0       0x44 CMakeFiles/6502emu.dir/home/pi/Downloads/pico/pico-sdk/lib/tinyusb/src/class/cdc/cdc_device.c.obj
                0x100090f0                cdcd_reset
 .text.cdcd_open
                0x10009134       0xf8 CMakeFiles/6502emu.dir/home/pi/Downloads/pico/pico-sdk/lib/tinyusb/src/class/cdc/cdc_device.c.obj
                0x10009134                cdcd_open
 .text.cdcd_control_xfer_cb
                0x1000922c      0x134 CMakeFiles/6502emu.dir/home/pi/Downloads/pico/pico-sdk/lib/tinyusb/src/class/cdc/cdc_device.c.obj
                0x1000922c                cdcd_control_xfer_cb
 .text.cdcd_xfer_cb
                0x10009360      0x13c CMakeFiles/6502emu.dir/home/pi/Downloads/pico/pico-sdk/lib/tinyusb/src/class/cdc/cdc_device.c.obj
                0x10009360                cdcd_xfer_cb
 .text.tusb_init
                0x1000949c       0x24 CMakeFiles/6502emu.dir/home/pi/Downloads/pico/pico-sdk/lib/tinyusb/src/tusb.c.obj
                0x1000949c                tusb_init
 .text.tusb_inited
                0x100094c0        0xe CMakeFiles/6502emu.dir/home/pi/Downloads/pico/pico-sdk/lib/tinyusb/src/tusb.c.obj
                0x100094c0                tusb_inited
 *fill*         0x100094ce        0x2 
 .text.tu_edpt_validate
                0x100094d0       0xa8 CMakeFiles/6502emu.dir/home/pi/Downloads/pico/pico-sdk/lib/tinyusb/src/tusb.c.obj
                0x100094d0                tu_edpt_validate
 .text.tu_edpt_bind_driver
                0x10009578       0x2a CMakeFiles/6502emu.dir/home/pi/Downloads/pico/pico-sdk/lib/tinyusb/src/tusb.c.obj
                0x10009578                tu_edpt_bind_driver
 .text.advance_pointer
                0x100095a2       0x18 CMakeFiles/6502emu.dir/home/pi/Downloads/pico/pico-sdk/lib/tinyusb/src/common/tusb_fifo.c.obj
 .text.backward_pointer
                0x100095ba       0x1e CMakeFiles/6502emu.dir/home/pi/Downloads/pico/pico-sdk/lib/tinyusb/src/common/tusb_fifo.c.obj
 .text.get_relative_pointer
                0x100095d8       0x10 CMakeFiles/6502emu.dir/home/pi/Downloads/pico/pico-sdk/lib/tinyusb/src/common/tusb_fifo.c.obj
 .text._tu_fifo_peek
                0x100095e8       0x4c CMakeFiles/6502emu.dir/home/pi/Downloads/pico/pico-sdk/lib/tinyusb/src/common/tusb_fifo.c.obj
 .text._ff_pull_const_addr
                0x10009634       0x46 CMakeFiles/6502emu.dir/home/pi/Downloads/pico/pico-sdk/lib/tinyusb/src/common/tusb_fifo.c.obj
 .text._ff_pull_n
                0x1000967a      0x100 CMakeFiles/6502emu.dir/home/pi/Downloads/pico/pico-sdk/lib/tinyusb/src/common/tusb_fifo.c.obj
 .text._tu_fifo_peek_n
                0x1000977a       0x5e CMakeFiles/6502emu.dir/home/pi/Downloads/pico/pico-sdk/lib/tinyusb/src/common/tusb_fifo.c.obj
 .text._tu_fifo_read_n
                0x100097d8       0x4e CMakeFiles/6502emu.dir/home/pi/Downloads/pico/pico-sdk/lib/tinyusb/src/common/tusb_fifo.c.obj
 .text._ff_push_const_addr
                0x10009826       0x3a CMakeFiles/6502emu.dir/home/pi/Downloads/pico/pico-sdk/lib/tinyusb/src/common/tusb_fifo.c.obj
 .text._ff_push_n
                0x10009860       0xfa CMakeFiles/6502emu.dir/home/pi/Downloads/pico/pico-sdk/lib/tinyusb/src/common/tusb_fifo.c.obj
 .text._tu_fifo_write_n
                0x1000995a       0x9e CMakeFiles/6502emu.dir/home/pi/Downloads/pico/pico-sdk/lib/tinyusb/src/common/tusb_fifo.c.obj
 .text.tu_fifo_config
                0x100099f8       0x72 CMakeFiles/6502emu.dir/home/pi/Downloads/pico/pico-sdk/lib/tinyusb/src/common/tusb_fifo.c.obj
                0x100099f8                tu_fifo_config
 .text.tu_fifo_count
                0x10009a6a       0x24 CMakeFiles/6502emu.dir/home/pi/Downloads/pico/pico-sdk/lib/tinyusb/src/common/tusb_fifo.c.obj
                0x10009a6a                tu_fifo_count
 .text.tu_fifo_empty
                0x10009a8e        0xe CMakeFiles/6502emu.dir/home/pi/Downloads/pico/pico-sdk/lib/tinyusb/src/common/tusb_fifo.c.obj
                0x10009a8e                tu_fifo_empty
 .text.tu_fifo_remaining
                0x10009a9c       0x20 CMakeFiles/6502emu.dir/home/pi/Downloads/pico/pico-sdk/lib/tinyusb/src/common/tusb_fifo.c.obj
                0x10009a9c                tu_fifo_remaining
 .text.tu_fifo_read
                0x10009abc       0x42 CMakeFiles/6502emu.dir/home/pi/Downloads/pico/pico-sdk/lib/tinyusb/src/common/tusb_fifo.c.obj
                0x10009abc                tu_fifo_read
 .text.tu_fifo_read_n
                0x10009afe        0xa CMakeFiles/6502emu.dir/home/pi/Downloads/pico/pico-sdk/lib/tinyusb/src/common/tusb_fifo.c.obj
                0x10009afe                tu_fifo_read_n
 .text.tu_fifo_write
                0x10009b08       0x6c CMakeFiles/6502emu.dir/home/pi/Downloads/pico/pico-sdk/lib/tinyusb/src/common/tusb_fifo.c.obj
                0x10009b08                tu_fifo_write
 .text.tu_fifo_write_n
                0x10009b74        0xa CMakeFiles/6502emu.dir/home/pi/Downloads/pico/pico-sdk/lib/tinyusb/src/common/tusb_fifo.c.obj
                0x10009b74                tu_fifo_write_n
 .text.tu_fifo_clear
                0x10009b7e       0x4c CMakeFiles/6502emu.dir/home/pi/Downloads/pico/pico-sdk/lib/tinyusb/src/common/tusb_fifo.c.obj
                0x10009b7e                tu_fifo_clear
 .text.tu_fifo_set_overwritable
                0x10009bca       0x3c CMakeFiles/6502emu.dir/home/pi/Downloads/pico/pico-sdk/lib/tinyusb/src/common/tusb_fifo.c.obj
                0x10009bca                tu_fifo_set_overwritable
 *fill*         0x10009c06        0x2 
 .text._retrieve_unique_id_on_boot
                0x10009c08       0x10 CMakeFiles/6502emu.dir/home/pi/Downloads/pico/pico-sdk/src/rp2_common/pico_unique_id/unique_id.c.obj
 .text.pico_get_unique_board_id_string
                0x10009c18       0x60 CMakeFiles/6502emu.dir/home/pi/Downloads/pico/pico-sdk/src/rp2_common/pico_unique_id/unique_id.c.obj
                0x10009c18                pico_get_unique_board_id_string
 .text.flash_get_unique_id
                0x10009c78       0x40 CMakeFiles/6502emu.dir/home/pi/Downloads/pico/pico-sdk/src/rp2_common/hardware_flash/flash.c.obj
                0x10009c78                flash_get_unique_id
 .text          0x10009cb8       0x68 /usr/lib/gcc/arm-none-eabi/8.3.1/../../../arm-none-eabi/lib/thumb/v6-m/nofp/libg.a(lib_a-strlen-stub.o)
                0x10009cb8                strlen
 *(.fini)
 .fini          0x10009d20        0x4 /usr/lib/gcc/arm-none-eabi/8.3.1/thumb/v6-m/nofp/crti.o
                0x10009d20                _fini
 *fill*         0x10009d24        0x4 
 .fini.__stub   0x10009d28       0x70 linker stubs
 *crtbegin.o(.ctors)
 *crtbegin?.o(.ctors)
 *(EXCLUDE_FILE(*crtend.o *crtend?.o) .ctors)
 *(SORT_BY_NAME(.ctors.*))
 *(.ctors)
 *crtbegin.o(.dtors)
 *crtbegin?.o(.dtors)
 *(EXCLUDE_FILE(*crtend.o *crtend?.o) .dtors)
 *(SORT_BY_NAME(.dtors.*))
 *(.dtors)
 *(.eh_frame*)
 .eh_frame      0x10009d98        0x0 /usr/lib/gcc/arm-none-eabi/8.3.1/thumb/v6-m/nofp/crtbegin.o
                0x10009d98                . = ALIGN (0x4)

.glue_7         0x10009d98        0x0
 .glue_7        0x10009d98        0x0 linker stubs

.glue_7t        0x10009d98        0x0
 .glue_7t       0x10009d98        0x0 linker stubs

.vfp11_veneer   0x10009d98        0x0
 .vfp11_veneer  0x10009d98        0x0 linker stubs

.v4_bx          0x10009d98        0x0
 .v4_bx         0x10009d98        0x0 linker stubs

.iplt           0x10009d98        0x0
 .iplt          0x10009d98        0x0 /usr/lib/gcc/arm-none-eabi/8.3.1/thumb/v6-m/nofp/crtbegin.o

.rodata         0x10009d98     0x24f8
 *(EXCLUDE_FILE(*libm.a: *libc.a:*lib_a-mem*.o *libgcc.a:) .rodata*)
 .rodata._m6522_read
                0x10009d98       0x40 CMakeFiles/6502emu.dir/6502emu.c.obj
 .rodata._m6522_write
                0x10009dd8       0x40 CMakeFiles/6502emu.dir/6502emu.c.obj
 .rodata.__func__.5271
                0x10009e18       0x15 CMakeFiles/6502emu.dir/6502emu.c.obj
 *fill*         0x10009e2d        0x3 
 .rodata.__func__.6760
                0x10009e30        0xb CMakeFiles/6502emu.dir/6502emu.c.obj
 *fill*         0x10009e3b        0x1 
 .rodata.__func__.6764
                0x10009e3c        0xc CMakeFiles/6502emu.dir/6502emu.c.obj
 .rodata.addrtable
                0x10009e48      0x400 CMakeFiles/6502emu.dir/6502emu.c.obj
 .rodata.m6522_init.str1.4
                0x1000a248       0x29 CMakeFiles/6502emu.dir/6502emu.c.obj
                                 0x2d (size before relaxing)
 *fill*         0x1000a271        0x3 
 .rodata.main.str1.4
                0x1000a274       0xbb CMakeFiles/6502emu.dir/6502emu.c.obj
 *fill*         0x1000a32f        0x1 
 .rodata.optable
                0x1000a330      0x400 CMakeFiles/6502emu.dir/6502emu.c.obj
 .rodata.ticktable
                0x1000a730      0x400 CMakeFiles/6502emu.dir/6502emu.c.obj
 .rodata.spin_lock_claim_unused.str1.4
                0x1000ab30       0x1b CMakeFiles/6502emu.dir/home/pi/Downloads/pico/pico-sdk/src/rp2_common/hardware_sync/sync.c.obj
 *fill*         0x1000ab4b        0x1 
 .rodata.__func__.4827
                0x1000ab4c       0x1a CMakeFiles/6502emu.dir/home/pi/Downloads/pico/pico-sdk/src/rp2_common/hardware_irq/irq.c.obj
 *fill*         0x1000ab66        0x2 
 .rodata.__func__.4841
                0x1000ab68        0xc CMakeFiles/6502emu.dir/home/pi/Downloads/pico/pico-sdk/src/rp2_common/hardware_irq/irq.c.obj
 .rodata.__func__.4849
                0x1000ab74       0x17 CMakeFiles/6502emu.dir/home/pi/Downloads/pico/pico-sdk/src/rp2_common/hardware_irq/irq.c.obj
 *fill*         0x1000ab8b        0x1 
 .rodata.__func__.4853
                0x1000ab8c        0xf CMakeFiles/6502emu.dir/home/pi/Downloads/pico/pico-sdk/src/rp2_common/hardware_irq/irq.c.obj
 *fill*         0x1000ab9b        0x1 
 .rodata.__func__.4870
                0x1000ab9c       0x17 CMakeFiles/6502emu.dir/home/pi/Downloads/pico/pico-sdk/src/rp2_common/hardware_irq/irq.c.obj
 *fill*         0x1000abb3        0x1 
 .rodata.__func__.4892
                0x1000abb4       0x13 CMakeFiles/6502emu.dir/home/pi/Downloads/pico/pico-sdk/src/rp2_common/hardware_irq/irq.c.obj
 *fill*         0x1000abc7        0x1 
 .rodata.__func__.4914
                0x1000abc8       0x1a CMakeFiles/6502emu.dir/home/pi/Downloads/pico/pico-sdk/src/rp2_common/hardware_irq/irq.c.obj
 *fill*         0x1000abe2        0x2 
 .rodata.insert_branch_and_link.str1.4
                0x1000abe4       0x10 CMakeFiles/6502emu.dir/home/pi/Downloads/pico/pico-sdk/src/rp2_common/hardware_irq/irq.c.obj
 .rodata.irq_add_shared_handler.str1.4
                0x1000abf4       0xd9 CMakeFiles/6502emu.dir/home/pi/Downloads/pico/pico-sdk/src/rp2_common/hardware_irq/irq.c.obj
 *fill*         0x1000accd        0x3 
 .rodata.irq_add_tail_to_free_list.str1.4
                0x1000acd0       0x3a CMakeFiles/6502emu.dir/home/pi/Downloads/pico/pico-sdk/src/rp2_common/hardware_irq/irq.c.obj
 *fill*         0x1000ad0a        0x2 
 .rodata.irq_remove_handler.str1.4
                0x1000ad0c       0x2a CMakeFiles/6502emu.dir/home/pi/Downloads/pico/pico-sdk/src/rp2_common/hardware_irq/irq.c.obj
 *fill*         0x1000ad36        0x2 
 .rodata.irq_set_exclusive_handler.str1.4
                0x1000ad38       0x36 CMakeFiles/6502emu.dir/home/pi/Downloads/pico/pico-sdk/src/rp2_common/hardware_irq/irq.c.obj
 *fill*         0x1000ad6e        0x2 
 .rodata.make_branch.str1.4
                0x1000ad70       0x73 CMakeFiles/6502emu.dir/home/pi/Downloads/pico/pico-sdk/src/rp2_common/hardware_irq/irq.c.obj
 *fill*         0x1000ade3        0x1 
 .rodata.user_irq_claim_unused.str1.4
                0x1000ade4       0x1b CMakeFiles/6502emu.dir/home/pi/Downloads/pico/pico-sdk/src/rp2_common/hardware_irq/irq.c.obj
 *fill*         0x1000adff        0x1 
 .rodata.__func__.5751
                0x1000ae00       0x15 CMakeFiles/6502emu.dir/home/pi/Downloads/pico/pico-sdk/src/common/pico_time/time.c.obj
 *fill*         0x1000ae15        0x3 
 .rodata.__func__.6069
                0x1000ae18        0xc CMakeFiles/6502emu.dir/home/pi/Downloads/pico/pico-sdk/src/common/pico_time/time.c.obj
 .rodata.__func__.6076
                0x1000ae24       0x12 CMakeFiles/6502emu.dir/home/pi/Downloads/pico/pico-sdk/src/common/pico_time/time.c.obj
 *fill*         0x1000ae36        0x2 
 .rodata.__func__.6092
                0x1000ae38        0xf CMakeFiles/6502emu.dir/home/pi/Downloads/pico/pico-sdk/src/common/pico_time/time.c.obj
 *fill*         0x1000ae47        0x1 
 .rodata.__func__.6114
                0x1000ae48        0xd CMakeFiles/6502emu.dir/home/pi/Downloads/pico/pico-sdk/src/common/pico_time/time.c.obj
 *fill*         0x1000ae55        0x3 
 .rodata.__func__.6337
                0x1000ae58        0xa CMakeFiles/6502emu.dir/home/pi/Downloads/pico/pico-sdk/src/common/pico_time/time.c.obj
 *fill*         0x1000ae62        0x2 
 .rodata.__func__.6342
                0x1000ae64       0x12 CMakeFiles/6502emu.dir/home/pi/Downloads/pico/pico-sdk/src/common/pico_time/time.c.obj
 *fill*         0x1000ae76        0x2 
 .rodata.__func__.6357
                0x1000ae78       0x17 CMakeFiles/6502emu.dir/home/pi/Downloads/pico/pico-sdk/src/common/pico_time/time.c.obj
 *fill*         0x1000ae8f        0x1 
 .rodata.__func__.6368
                0x1000ae90       0x15 CMakeFiles/6502emu.dir/home/pi/Downloads/pico/pico-sdk/src/common/pico_time/time.c.obj
 *fill*         0x1000aea5        0x3 
 .rodata.__func__.6385
                0x1000aea8       0x1a CMakeFiles/6502emu.dir/home/pi/Downloads/pico/pico-sdk/src/common/pico_time/time.c.obj
 *fill*         0x1000aec2        0x2 
 .rodata.__func__.6424
                0x1000aec4       0x18 CMakeFiles/6502emu.dir/home/pi/Downloads/pico/pico-sdk/src/common/pico_time/time.c.obj
 .rodata.add_alarm_under_lock.str1.4
                0x1000aedc       0x28 CMakeFiles/6502emu.dir/home/pi/Downloads/pico/pico-sdk/src/common/pico_time/time.c.obj
                                 0x2b (size before relaxing)
 .rodata.alarm_pool_alarm_callback.str1.4
                0x1000af04       0x82 CMakeFiles/6502emu.dir/home/pi/Downloads/pico/pico-sdk/src/common/pico_time/time.c.obj
                                 0xea (size before relaxing)
 *fill*         0x1000af86        0x2 
 .rodata.alarm_pool_cancel_alarm.str1.4
                0x1000af88       0x27 CMakeFiles/6502emu.dir/home/pi/Downloads/pico/pico-sdk/src/common/pico_time/time.c.obj
 *fill*         0x1000afaf        0x1 
 .rodata.alarm_pool_dump_key.str1.4
                0x1000afb0       0x33 CMakeFiles/6502emu.dir/home/pi/Downloads/pico/pico-sdk/src/common/pico_time/time.c.obj
 *fill*         0x1000afe3        0x1 
 .rodata.alarm_pool_get_default.str1.4
                0x1000afe4       0x21 CMakeFiles/6502emu.dir/home/pi/Downloads/pico/pico-sdk/src/common/pico_time/time.c.obj
 *fill*         0x1000b005        0x3 
 .rodata.ph_add_child_node.str1.4
                0x1000b008       0x9a CMakeFiles/6502emu.dir/home/pi/Downloads/pico/pico-sdk/src/common/pico_time/time.c.obj
 *fill*         0x1000b0a2        0x2 
 .rodata.repeating_timer_callback.str1.4
                0x1000b0a4       0x51 CMakeFiles/6502emu.dir/home/pi/Downloads/pico/pico-sdk/src/common/pico_time/time.c.obj
 *fill*         0x1000b0f5        0x3 
 .rodata.sleep_until.str1.4
                0x1000b0f8       0x4d CMakeFiles/6502emu.dir/home/pi/Downloads/pico/pico-sdk/src/common/pico_time/time.c.obj
 *fill*         0x1000b145        0x3 
 .rodata.__func__.4243
                0x1000b148       0x15 CMakeFiles/6502emu.dir/home/pi/Downloads/pico/pico-sdk/src/rp2_common/hardware_timer/timer.c.obj
 *fill*         0x1000b15d        0x3 
 .rodata.__func__.4625
                0x1000b160       0x1a CMakeFiles/6502emu.dir/home/pi/Downloads/pico/pico-sdk/src/rp2_common/hardware_timer/timer.c.obj
 .rodata.busy_wait_us.str1.4
                0x1000b17a       0x67 CMakeFiles/6502emu.dir/home/pi/Downloads/pico/pico-sdk/src/rp2_common/hardware_timer/timer.c.obj
 *fill*         0x1000b17a        0x2 
 .rodata.hardware_alarm_claim.str1.4
                0x1000b17c       0x22 CMakeFiles/6502emu.dir/home/pi/Downloads/pico/pico-sdk/src/rp2_common/hardware_timer/timer.c.obj
 *fill*         0x1000b19e        0x2 
 .rodata.hardware_alarm_set_target.str1.4
                0x1000b1a0       0x6b CMakeFiles/6502emu.dir/home/pi/Downloads/pico/pico-sdk/src/rp2_common/hardware_timer/timer.c.obj
 *fill*         0x1000b20b        0x1 
 .rodata.__func__.5767
                0x1000b20c        0xc CMakeFiles/6502emu.dir/home/pi/Downloads/pico/pico-sdk/src/common/pico_util/pheap.c.obj
 .rodata.__func__.5774
                0x1000b218       0x12 CMakeFiles/6502emu.dir/home/pi/Downloads/pico/pico-sdk/src/common/pico_util/pheap.c.obj
 *fill*         0x1000b22a        0x2 
 .rodata.__func__.5860
                0x1000b22c       0x13 CMakeFiles/6502emu.dir/home/pi/Downloads/pico/pico-sdk/src/common/pico_util/pheap.c.obj
 *fill*         0x1000b23f        0x1 
 .rodata.__func__.5878
                0x1000b240       0x18 CMakeFiles/6502emu.dir/home/pi/Downloads/pico/pico-sdk/src/common/pico_util/pheap.c.obj
 .rodata.ph_add_child_node.str1.4
                0x1000b258       0x9a CMakeFiles/6502emu.dir/home/pi/Downloads/pico/pico-sdk/src/common/pico_util/pheap.c.obj
 .rodata.ph_remove_and_free_node.str1.4
                0x1000b258       0x1e CMakeFiles/6502emu.dir/home/pi/Downloads/pico/pico-sdk/src/common/pico_util/pheap.c.obj
                                 0x26 (size before relaxing)
 *fill*         0x1000b276        0x2 
 .rodata.ph_remove_any_head.str1.4
                0x1000b278       0x94 CMakeFiles/6502emu.dir/home/pi/Downloads/pico/pico-sdk/src/common/pico_util/pheap.c.obj
 .rodata.__func__.4243
                0x1000b30c       0x15 CMakeFiles/6502emu.dir/home/pi/Downloads/pico/pico-sdk/src/common/pico_sync/mutex.c.obj
 *fill*         0x1000b321        0x3 
 .rodata.__func__.4740
                0x1000b324       0x18 CMakeFiles/6502emu.dir/home/pi/Downloads/pico/pico-sdk/src/common/pico_sync/mutex.c.obj
 .rodata.__func__.4759
                0x1000b33c        0xb CMakeFiles/6502emu.dir/home/pi/Downloads/pico/pico-sdk/src/common/pico_sync/mutex.c.obj
 *fill*         0x1000b347        0x1 
 .rodata.str1.4
                0x1000b348       0x91 CMakeFiles/6502emu.dir/home/pi/Downloads/pico/pico-sdk/src/common/pico_sync/mutex.c.obj
                                 0xf9 (size before relaxing)
 *fill*         0x1000b3d9        0x3 
 .rodata.__assert_func.str1.4
                0x1000b3dc       0x3f CMakeFiles/6502emu.dir/home/pi/Downloads/pico/pico-sdk/src/rp2_common/pico_runtime/runtime.c.obj
                                 0x43 (size before relaxing)
 *fill*         0x1000b41b        0x1 
 .rodata.__func__.5885
                0x1000b41c        0xd CMakeFiles/6502emu.dir/home/pi/Downloads/pico/pico-sdk/src/rp2_common/pico_runtime/runtime.c.obj
 *fill*         0x1000b429        0x3 
 .rodata.panic.str1.4
                0x1000b42c       0x12 CMakeFiles/6502emu.dir/home/pi/Downloads/pico/pico-sdk/src/rp2_common/pico_runtime/runtime.c.obj
 *fill*         0x1000b43e        0x2 
 .rodata.runtime_init.str1.4
                0x1000b440       0x67 CMakeFiles/6502emu.dir/home/pi/Downloads/pico/pico-sdk/src/rp2_common/pico_runtime/runtime.c.obj
 *fill*         0x1000b4a7        0x1 
 .rodata.__func__.4809
                0x1000b4a8       0x10 CMakeFiles/6502emu.dir/home/pi/Downloads/pico/pico-sdk/src/rp2_common/hardware_clocks/clocks.c.obj
 .rodata.clock_configure.str1.4
                0x1000b4b8       0x5d CMakeFiles/6502emu.dir/home/pi/Downloads/pico/pico-sdk/src/rp2_common/hardware_clocks/clocks.c.obj
 *fill*         0x1000b515        0x3 
 .rodata.__func__.4466
                0x1000b518        0x9 CMakeFiles/6502emu.dir/home/pi/Downloads/pico/pico-sdk/src/rp2_common/hardware_pll/pll.c.obj
 *fill*         0x1000b521        0x3 
 .rodata.pll_init.str1.4
                0x1000b524      0x13f CMakeFiles/6502emu.dir/home/pi/Downloads/pico/pico-sdk/src/rp2_common/hardware_pll/pll.c.obj
 *fill*         0x1000b663        0x1 
 .rodata._vsnprintf
                0x1000b664      0x1e0 CMakeFiles/6502emu.dir/home/pi/Downloads/pico/pico-sdk/src/rp2_common/pico_printf/printf.c.obj
 .rodata._ftoa.str1.4
                0x1000b844       0x15 CMakeFiles/6502emu.dir/home/pi/Downloads/pico/pico-sdk/src/rp2_common/pico_printf/printf.c.obj
 *fill*         0x1000b859        0x7 
 .rodata.pow10.5481
                0x1000b860       0x50 CMakeFiles/6502emu.dir/home/pi/Downloads/pico/pico-sdk/src/rp2_common/pico_printf/printf.c.obj
 .rodata.__aeabi_double_init.str1.4
                0x1000b8b0       0xae CMakeFiles/6502emu.dir/home/pi/Downloads/pico/pico-sdk/src/rp2_common/pico_double/double_init_rom.c.obj
 *fill*         0x1000b95e        0x2 
 .rodata.__func__.4778
                0x1000b960       0x14 CMakeFiles/6502emu.dir/home/pi/Downloads/pico/pico-sdk/src/rp2_common/pico_double/double_init_rom.c.obj
 .rodata.__aeabi_float_init.str1.4
                0x1000b974       0x80 CMakeFiles/6502emu.dir/home/pi/Downloads/pico/pico-sdk/src/rp2_common/pico_float/float_init_rom.c.obj
                                 0x84 (size before relaxing)
 .rodata.__func__.4779
                0x1000b9f4       0x13 CMakeFiles/6502emu.dir/home/pi/Downloads/pico/pico-sdk/src/rp2_common/pico_float/float_init_rom.c.obj
 *fill*         0x1000ba07        0x1 
 .rodata.__bi_44
                0x1000ba08        0xc CMakeFiles/6502emu.dir/home/pi/Downloads/pico/pico-sdk/src/rp2_common/pico_standard_link/binary_info.c.obj
 .rodata.__bi_75
                0x1000ba14        0xc CMakeFiles/6502emu.dir/home/pi/Downloads/pico/pico-sdk/src/rp2_common/pico_standard_link/binary_info.c.obj
 .rodata.__bi_81
                0x1000ba20        0xc CMakeFiles/6502emu.dir/home/pi/Downloads/pico/pico-sdk/src/rp2_common/pico_standard_link/binary_info.c.obj
 .rodata.str1.4
                0x1000ba2c       0x3c CMakeFiles/6502emu.dir/home/pi/Downloads/pico/pico-sdk/src/rp2_common/pico_standard_link/binary_info.c.obj
 .rodata.__func__.5474
                0x1000ba68       0x15 CMakeFiles/6502emu.dir/home/pi/Downloads/pico/pico-sdk/src/rp2_common/pico_stdio/stdio.c.obj
 *fill*         0x1000ba7d        0x3 
 .rodata.__func__.6078
                0x1000ba80       0x13 CMakeFiles/6502emu.dir/home/pi/Downloads/pico/pico-sdk/src/rp2_common/pico_stdio/stdio.c.obj
 *fill*         0x1000ba93        0x1 
 .rodata.__wrap_getchar.str1.4
                0x1000ba94       0x4f CMakeFiles/6502emu.dir/home/pi/Downloads/pico/pico-sdk/src/rp2_common/pico_stdio/stdio.c.obj
 *fill*         0x1000bae3        0x1 
 .rodata.crlf_str.5960
                0x1000bae4        0x2 CMakeFiles/6502emu.dir/home/pi/Downloads/pico/pico-sdk/src/rp2_common/pico_stdio/stdio.c.obj
 .rodata.getchar_timeout_us.str1.4
                0x1000bae6       0x6b CMakeFiles/6502emu.dir/home/pi/Downloads/pico/pico-sdk/src/rp2_common/pico_stdio/stdio.c.obj
 *fill*         0x1000bae6        0x2 
 .rodata._resetd_driver
                0x1000bae8       0x18 CMakeFiles/6502emu.dir/home/pi/Downloads/pico/pico-sdk/src/rp2_common/pico_stdio_usb/reset_interface.c.obj
 .rodata.__bi_120.7293
                0x1000bb00        0xc CMakeFiles/6502emu.dir/home/pi/Downloads/pico/pico-sdk/src/rp2_common/pico_stdio_usb/stdio_usb.c.obj
 .rodata.__func__.5474
                0x1000bb0c       0x15 CMakeFiles/6502emu.dir/home/pi/Downloads/pico/pico-sdk/src/rp2_common/pico_stdio_usb/stdio_usb.c.obj
 *fill*         0x1000bb21        0x3 
 .rodata.__func__.7267
                0x1000bb24        0xb CMakeFiles/6502emu.dir/home/pi/Downloads/pico/pico-sdk/src/rp2_common/pico_stdio_usb/stdio_usb.c.obj
 .rodata.stdio_usb_init.str1.4
                0x1000bb2f       0x67 CMakeFiles/6502emu.dir/home/pi/Downloads/pico/pico-sdk/src/rp2_common/pico_stdio_usb/stdio_usb.c.obj
 *fill*         0x1000bb2f        0x1 
 .rodata.str1.4
                0x1000bb30       0x13 CMakeFiles/6502emu.dir/home/pi/Downloads/pico/pico-sdk/src/rp2_common/pico_stdio_usb/stdio_usb.c.obj
 *fill*         0x1000bb43        0x1 
 .rodata.timer_task.str1.4
                0x1000bb44       0x73 CMakeFiles/6502emu.dir/home/pi/Downloads/pico/pico-sdk/src/rp2_common/pico_stdio_usb/stdio_usb.c.obj
 *fill*         0x1000bbb7        0x1 
 .rodata.str1.4
                0x1000bbb8       0x2a CMakeFiles/6502emu.dir/home/pi/Downloads/pico/pico-sdk/src/rp2_common/pico_stdio_usb/stdio_usb_descriptors.c.obj
 *fill*         0x1000bbe2        0x2 
 .rodata.usbd_desc_cfg
                0x1000bbe4       0x54 CMakeFiles/6502emu.dir/home/pi/Downloads/pico/pico-sdk/src/rp2_common/pico_stdio_usb/stdio_usb_descriptors.c.obj
 .rodata.usbd_desc_device
                0x1000bc38       0x12 CMakeFiles/6502emu.dir/home/pi/Downloads/pico/pico-sdk/src/rp2_common/pico_stdio_usb/stdio_usb_descriptors.c.obj
 *fill*         0x1000bc4a        0x2 
 .rodata.usbd_desc_str
                0x1000bc4c       0x18 CMakeFiles/6502emu.dir/home/pi/Downloads/pico/pico-sdk/src/rp2_common/pico_stdio_usb/stdio_usb_descriptors.c.obj
 .rodata.__func__.6959
                0x1000bc64       0x13 CMakeFiles/6502emu.dir/home/pi/Downloads/pico/pico-sdk/lib/tinyusb/src/portable/raspberrypi/rp2040/dcd_rp2040.c.obj
 *fill*         0x1000bc77        0x1 
 .rodata.__func__.7012
                0x1000bc78        0x9 CMakeFiles/6502emu.dir/home/pi/Downloads/pico/pico-sdk/lib/tinyusb/src/portable/raspberrypi/rp2040/dcd_rp2040.c.obj
 *fill*         0x1000bc81        0x3 
 .rodata.__func__.7016
                0x1000bc84        0xf CMakeFiles/6502emu.dir/home/pi/Downloads/pico/pico-sdk/lib/tinyusb/src/portable/raspberrypi/rp2040/dcd_rp2040.c.obj
 *fill*         0x1000bc93        0x1 
 .rodata.__func__.7025
                0x1000bc94       0x10 CMakeFiles/6502emu.dir/home/pi/Downloads/pico/pico-sdk/lib/tinyusb/src/portable/raspberrypi/rp2040/dcd_rp2040.c.obj
 .rodata.__func__.7044
                0x1000bca4        0xe CMakeFiles/6502emu.dir/home/pi/Downloads/pico/pico-sdk/lib/tinyusb/src/portable/raspberrypi/rp2040/dcd_rp2040.c.obj
 *fill*         0x1000bcb2        0x2 
 .rodata.__func__.7054
                0x1000bcb4        0xe CMakeFiles/6502emu.dir/home/pi/Downloads/pico/pico-sdk/lib/tinyusb/src/portable/raspberrypi/rp2040/dcd_rp2040.c.obj
 *fill*         0x1000bcc2        0x2 
 .rodata._hw_endpoint_alloc.str1.4
                0x1000bcc4       0xbd CMakeFiles/6502emu.dir/home/pi/Downloads/pico/pico-sdk/lib/tinyusb/src/portable/raspberrypi/rp2040/dcd_rp2040.c.obj
 *fill*         0x1000bd81        0x3 
 .rodata.dcd_int_enable.str1.4
                0x1000bd84        0xc CMakeFiles/6502emu.dir/home/pi/Downloads/pico/pico-sdk/lib/tinyusb/src/portable/raspberrypi/rp2040/dcd_rp2040.c.obj
 .rodata.dcd_rp2040_irq.str1.4
                0x1000bd90       0x14 CMakeFiles/6502emu.dir/home/pi/Downloads/pico/pico-sdk/lib/tinyusb/src/portable/raspberrypi/rp2040/dcd_rp2040.c.obj
 .rodata.__func__.6724
                0x1000bda4        0xf CMakeFiles/6502emu.dir/home/pi/Downloads/pico/pico-sdk/lib/tinyusb/src/portable/raspberrypi/rp2040/rp2040_usb.c.obj
 *fill*         0x1000bdb3        0x1 
 .rodata._hw_endpoint_buffer_control_update32.str1.4
                0x1000bdb4       0x1f CMakeFiles/6502emu.dir/home/pi/Downloads/pico/pico-sdk/lib/tinyusb/src/portable/raspberrypi/rp2040/rp2040_usb.c.obj
 *fill*         0x1000bdd3        0x1 
 .rodata.hw_endpoint_xfer_continue.str1.4
                0x1000bdd4       0x29 CMakeFiles/6502emu.dir/home/pi/Downloads/pico/pico-sdk/lib/tinyusb/src/portable/raspberrypi/rp2040/rp2040_usb.c.obj
 *fill*         0x1000bdfd        0x3 
 .rodata.hw_endpoint_xfer_start.str1.4
                0x1000be00       0x38 CMakeFiles/6502emu.dir/home/pi/Downloads/pico/pico-sdk/lib/tinyusb/src/portable/raspberrypi/rp2040/rp2040_usb.c.obj
 .rodata.str1.4
                0x1000be38        0x7 CMakeFiles/6502emu.dir/home/pi/Downloads/pico/pico-sdk/lib/tinyusb/src/portable/raspberrypi/rp2040/rp2040_usb.c.obj
 *fill*         0x1000be3f        0x1 
 .rodata.sync_ep_buffer.str1.4
                0x1000be40       0x99 CMakeFiles/6502emu.dir/home/pi/Downloads/pico/pico-sdk/lib/tinyusb/src/portable/raspberrypi/rp2040/rp2040_usb.c.obj
 *fill*         0x1000bed9        0x3 
 .rodata.process_get_descriptor
                0x1000bedc       0x40 CMakeFiles/6502emu.dir/home/pi/Downloads/pico/pico-sdk/lib/tinyusb/src/device/usbd.c.obj
 .rodata.process_control_request
                0x1000bf1c       0x28 CMakeFiles/6502emu.dir/home/pi/Downloads/pico/pico-sdk/lib/tinyusb/src/device/usbd.c.obj
 .rodata.tud_task
                0x1000bf44       0x24 CMakeFiles/6502emu.dir/home/pi/Downloads/pico/pico-sdk/lib/tinyusb/src/device/usbd.c.obj
 .rodata.__func__.6625
                0x1000bf68       0x10 CMakeFiles/6502emu.dir/home/pi/Downloads/pico/pico-sdk/lib/tinyusb/src/device/usbd.c.obj
 .rodata.__func__.7423
                0x1000bf78        0x9 CMakeFiles/6502emu.dir/home/pi/Downloads/pico/pico-sdk/lib/tinyusb/src/device/usbd.c.obj
 *fill*         0x1000bf81        0x3 
 .rodata.__func__.7444
                0x1000bf84       0x18 CMakeFiles/6502emu.dir/home/pi/Downloads/pico/pico-sdk/lib/tinyusb/src/device/usbd.c.obj
 .rodata.__func__.7487
                0x1000bf9c       0x13 CMakeFiles/6502emu.dir/home/pi/Downloads/pico/pico-sdk/lib/tinyusb/src/device/usbd.c.obj
 *fill*         0x1000bfaf        0x1 
 .rodata.__func__.7522
                0x1000bfb0       0x17 CMakeFiles/6502emu.dir/home/pi/Downloads/pico/pico-sdk/lib/tinyusb/src/device/usbd.c.obj
 *fill*         0x1000bfc7        0x1 
 .rodata.__func__.7576
                0x1000bfc8       0x14 CMakeFiles/6502emu.dir/home/pi/Downloads/pico/pico-sdk/lib/tinyusb/src/device/usbd.c.obj
 .rodata.__func__.7590
                0x1000bfdc        0xf CMakeFiles/6502emu.dir/home/pi/Downloads/pico/pico-sdk/lib/tinyusb/src/device/usbd.c.obj
 *fill*         0x1000bfeb        0x1 
 .rodata.__func__.7613
                0x1000bfec        0xf CMakeFiles/6502emu.dir/home/pi/Downloads/pico/pico-sdk/lib/tinyusb/src/device/usbd.c.obj
 *fill*         0x1000bffb        0x1 
 .rodata._usbd_driver
                0x1000bffc       0x18 CMakeFiles/6502emu.dir/home/pi/Downloads/pico/pico-sdk/lib/tinyusb/src/device/usbd.c.obj
 .rodata.process_set_config.str1.4